Microchip MPLAB XC8 Compiler V1.32 ()

Linker command line:

--edf=C:\Program Files\Microchip\xc8\v1.32\dat\en_msgs.txt -cs \
  -h+dist/UseXC8/production\PIC_Framework_3.X.production.sym \
  --cmf=dist/UseXC8/production\PIC_Framework_3.X.production.cmf -z \
  -Q18F45J10 -oC:\Users\ECE4534\AppData\Local\Temp\si8.6 \
  -Mdist/UseXC8/production/PIC_Framework_3.X.production.map -E1 -ver=XC8 \
  -ASTACK=0236h-03ffh -pstack=STACK -ACODE=00h-07FF7h -ACONST=00h-07FF7h \
  -ASMALLCONST=0400h-04FFhx123,07F00h-07FF7h -AMEDIUMCONST=0400h-07FF7h \
  -ACOMRAM=01h-07Fh -AABS1=00h-03FFh -ABIGRAM=01h-03FFh \
  -ARAM=080h-0FFh,0100h-01FFhx3 -ABANK0=080h-0FFh -ABANK1=0100h-01FFh \
  -ABANK2=0200h-02FFh -ABANK3=0300h-03FFh -ASFR=0F80h-0FFFh \
  -preset_vec=00h,intcode=08h,intcodelo=018h,powerup,init,end_init \
  -pramtop=0400h -psmallconst=SMALLCONST -pmediumconst=MEDIUMCONST \
  -pconst=CONST -AFARRAM=00h-00h -ACONFIG=07FF8h-07FFDh -pconfig=CONFIG \
  -pjflash_buffer=07800h \
  -prdata=COMRAM,nvrram=COMRAM,nvbit=COMRAM,rbss=COMRAM,rbit=COMRAM \
  -pfarbss=FARRAM,fardata=FARRAM,nvFARRAM=FARRAM \
  -pintsave_regs=BIGRAM,bigbss=BIGRAM,bigdata=BIGRAM -pbss=RAM \
  -pidata=CODE,irdata=CODE,ibigdata=CODE,ifardata=CODE \
  C:\Users\ECE4534\AppData\Local\Temp\si8.obj \
  dist/UseXC8/production\PIC_Framework_3.X.production.obj 

Object code version is 3.11

Machine type is 18F45J10

Call graph: (short form)




                Name                               Link     Load   Length Selector   Space Scale
C:\Users\ECE4534\AppData\Local\Temp\si8.obj
                end_init                             B6       B6        4        C       0
                reset_vec                             0        0        4        0       0
                config                             7FF8     7FF8        6     7FF8       0
dist/UseXC8/production\PIC_Framework_3.X.production.obj
                intcodelo                            18       18       9E        C       0
                intcode                               8        8       10        4       0
                text58                             1F14     1F14        6        C       0
                text57                             1E14     1E14       24        C       0
                text56                             1F00     1F00        C        C       0
                text55                             1CDE     1CDE       2E        C       0
                text54                             1A6A     1A6A       4E        C       0
                text53                             154C     154C       A8        C       0
                text52                              850      850      1AC        C       0
                text51                              F66      F66      106        C       0
                text50                              B78      B78      176        C       0
                text49                              9FC      9FC      17C        C       0
                text48                             1DF0     1DF0       24        C       0
                text47                             1AF8     1AF8       40        C       0
                text46                             14A2     14A2       AA        C       0
                text45                             1DCC     1DCC       24        C       0
                text44                             1332     1332       C6        C       0
                text43                               BA       BA      54A        C       0
                text42                             1260     1260       D2        C       0
                text41                             1D34     1D34       28        C       0
                text40                             1ED0     1ED0       12        C       0
                text39                             1968     1968       5C        C       0
                intcode_body                        CEE      CEE      156        C       0
                text37                             1EBE     1EBE       12        C       0
                text36                             1AB8     1AB8       40        C       0
                text35                             13F8     13F8       AA        C       0
                text34                             1DA8     1DA8       24        C       0
                text33                             1EAC     1EAC       12        C       0
                text32                             1CB0     1CB0       2E        C       0
                text31                             1E56     1E56       1E        C       0
                text30                             15F4     15F4       94        C       0
                text28                             1D82     1D82       26        C       0
                text27                             1C50     1C50       32        C       0
                text26                             1688     1688       82        C       0
                text25                             1A1A     1A1A       50        C       0
                text24                              E44      E44      122        C       0
                text23                             1BE8     1BE8       36        C       0
                text22                             1BB2     1BB2       36        C       0
                text21                             1E74     1E74       14        C       0
                text20                             1C1E     1C1E       32        C       0
                text19                             1EE2     1EE2       10        C       0
                text18                             1B38     1B38       3E        C       0
                text17                             1B76     1B76       3C        C       0
                text16                             190C     190C       5C        C       0
                text15                             1F0C     1F0C        8        C       0
                text14                             1D0C     1D0C       28        C       0
                text13                             1E9A     1E9A       12        C       0
                text12                             1784     1784       66        C       0
                text11                             17EA     17EA       64        C       0
                text10                             19C4     19C4       56        C       0
                text9                              1E88     1E88       12        C       0
                text8                              1E38     1E38       1E        C       0
                text7                              106C     106C      104        C       0
                text6                              1EF2     1EF2        E        C       0
                text5                              1170     1170       F0        C       0
                text4                              1C82     1C82       2E        C       0
                text3                              184E     184E       60        C       0
                text2                              18AE     18AE       5E        C       0
                text1                              170A     170A       7A        C       0
                text0                               604      604      24C        C       0
                cstackCOMRAM                          1        1       4D        1       1
                cstackBANK0                          80       80       45       80       1
                cstackBANK1                         1A2      1A2       50      100       1
                bssBANK2                            200      200       36      200       1
                bssBANK1                            100      100       A2      100       1
                bssCOMRAM                            50       50        2        1       1
                cinit                              1D5C     1D5C       26        C       0
                nvBANK0                              C5       C5        2       80       1
                nvCOMRAM                             4E       4E        2        1       1

TOTAL           Name                               Link     Load   Length     Space
        CLASS   STACK          

        CLASS   CODE           
                end_init                             B6       B6        4         0
                intcodelo                            18       18       9E         0
                intcode                               8        8       10         0
                reset_vec                             0        0        4         0
                text58                             1F14     1F14        6         0
                text57                             1E14     1E14       24         0
                text56                             1F00     1F00        C         0
                text55                             1CDE     1CDE       2E         0
                text54                             1A6A     1A6A       4E         0
                text53                             154C     154C       A8         0
                text52                              850      850      1AC         0
                text51                              F66      F66      106         0
                text50                              B78      B78      176         0
                text49                              9FC      9FC      17C         0
                text48                             1DF0     1DF0       24         0
                text47                             1AF8     1AF8       40         0
                text46                             14A2     14A2       AA         0
                text45                             1DCC     1DCC       24         0
                text44                             1332     1332       C6         0
                text43                               BA       BA      54A         0
                text42                             1260     1260       D2         0
                text41                             1D34     1D34       28         0
                text40                             1ED0     1ED0       12         0
                text39                             1968     1968       5C         0
                intcode_body                        CEE      CEE      156         0
                text37                             1EBE     1EBE       12         0
                text36                             1AB8     1AB8       40         0
                text35                             13F8     13F8       AA         0
                text34                             1DA8     1DA8       24         0
                text33                             1EAC     1EAC       12         0
                text32                             1CB0     1CB0       2E         0
                text31                             1E56     1E56       1E         0
                text30                             15F4     15F4       94         0
                text28                             1D82     1D82       26         0
                text27                             1C50     1C50       32         0
                text26                             1688     1688       82         0
                text25                             1A1A     1A1A       50         0
                text24                              E44      E44      122         0
                text23                             1BE8     1BE8       36         0
                text22                             1BB2     1BB2       36         0
                text21                             1E74     1E74       14         0
                text20                             1C1E     1C1E       32         0
                text19                             1EE2     1EE2       10         0
                text18                             1B38     1B38       3E         0
                text17                             1B76     1B76       3C         0
                text16                             190C     190C       5C         0
                text15                             1F0C     1F0C        8         0
                text14                             1D0C     1D0C       28         0
                text13                             1E9A     1E9A       12         0
                text12                             1784     1784       66         0
                text11                             17EA     17EA       64         0
                text10                             19C4     19C4       56         0
                text9                              1E88     1E88       12         0
                text8                              1E38     1E38       1E         0
                text7                              106C     106C      104         0
                text6                              1EF2     1EF2        E         0
                text5                              1170     1170       F0         0
                text4                              1C82     1C82       2E         0
                text3                              184E     184E       60         0
                text2                              18AE     18AE       5E         0
                text1                              170A     170A       7A         0
                text0                               604      604      24C         0
                cinit                              1D5C     1D5C       26         0

        CLASS   CONST          

        CLASS   SMALLCONST     

        CLASS   MEDIUMCONST    

        CLASS   COMRAM         
                cstackCOMRAM                          1        1       4D         1
                bssCOMRAM                            50       50        2         1
                nvCOMRAM                             4E       4E        2         1

        CLASS   ABS1           

        CLASS   BIGRAM         

        CLASS   RAM            

        CLASS   BANK0          
                cstackBANK0                          80       80       45         1
                nvBANK0                              C5       C5        2         1

        CLASS   BANK1          
                cstackBANK1                         1A2      1A2       50         1
                bssBANK1                            100      100       A2         1

        CLASS   BANK2          
                bssBANK2                            200      200       36         1

        CLASS   BANK3          

        CLASS   SFR            

        CLASS   FARRAM         

        CLASS   CONFIG         
                config                             7FF8     7FF8        6         0

        CLASS   IDLOC          



SEGMENTS        Name                           Load    Length   Top    Selector   Space  Class

                reset_vec                      000000  000004  000004         0       0  CODE    
                cstackCOMRAM                   000001  000051  000052         1       1  COMRAM  
                intcode                        000008  000010  000018         4       0  CODE    
                intcodelo                      000018  001F02  001F1A         C       0  CODE    
                cstackBANK0                    000080  000047  0000C7        80       1  BANK0   
                bssBANK1                       000100  0000F2  0001F2       100       1  BANK1   
                bssBANK2                       000200  000036  000236       200       1  BANK2   
                config                         007FF8  000006  007FFE      7FF8       0  CONFIG  


UNUSED ADDRESS RANGES

        Name                Unused          Largest block    Delta
        BANK0            000C7-000FF              39
        BANK1            001F2-001FF               E
        BANK2            00236-002FF              CA
        BANK3            00300-003FF             100
        BIGRAM           00052-0007F              2E
                         000C7-000FF              39
                         001F2-001FF               E
                         00236-003FF             1CA
        CODE             00004-00007               4
                         01F1A-07FF7            60DE
        COMRAM           00052-0007F              2E
        CONST            00004-00007               4
                         01F1A-07FF7            60DE
        MEDIUMCONST      01F1A-07FF7            60DE
        RAM              000C7-000FF              39
                         001F2-001FF               E
                         00236-003FF              CA
        SFR              00F80-00FFF              80
        SMALLCONST       01F1A-07FF7             100
        STACK            00236-003FF             1CA

                                  Symbol Table

?_ReadTimer1                    cstackCOMRAM  00001
?___ftadd                       cstackCOMRAM  00039
?___ftdiv                       cstackCOMRAM  00045
?___ftmul                       cstackBANK0   00086
?___ftpack                      cstackCOMRAM  0002E
?___fttol                       cstackBANK0   00095
?___lwmod                       cstackBANK0   000B8
?___lwtoft                      cstackCOMRAM  00036
?_in_high_int                   cstackBANK0   000B8
?_in_low_int                    cstackBANK0   000BA
?_in_main                       cstackBANK0   000BC
?i2_in_high_int                 cstackCOMRAM  0002E
?i2_in_low_int                  cstackCOMRAM  00030
Delay1KTCYx@unit                cstackBANK0   000B8
FromMainHigh_recvmsg@data       cstackCOMRAM  00048
FromMainHigh_recvmsg@maxlength  cstackCOMRAM  0004A
FromMainHigh_recvmsg@msgtype    cstackCOMRAM  00046
FromMainHigh_sendmsg@data       cstackBANK1   001AE
FromMainHigh_sendmsg@length     cstackBANK0   000C3
FromMainHigh_sendmsg@msgtype    cstackBANK1   001AD
InterruptHandlerHigh@a_d_result cstackBANK0   000B6
OpenTimer0@config               cstackBANK0   000B8
OpenTimer1@config               cstackBANK0   000B8
OpenUSART@config                cstackBANK0   000BD
OpenUSART@spbrg                 cstackBANK0   000B8
ReadTimer1@timer                cstackCOMRAM  00003
ReadUSART@data                  cstackCOMRAM  00001
ToMainHigh_recvmsg@data         cstackBANK1   001B0
ToMainHigh_recvmsg@maxlength    cstackBANK0   000C4
ToMainHigh_recvmsg@msgtype      cstackBANK1   001AE
ToMainHigh_sendmsg@data         cstackCOMRAM  00045
ToMainHigh_sendmsg@length       cstackCOMRAM  00047
ToMainHigh_sendmsg@msgtype      cstackCOMRAM  00044
ToMainLow_recvmsg@data          cstackBANK1   001B0
ToMainLow_recvmsg@maxlength     cstackBANK0   000C4
ToMainLow_recvmsg@msgtype       cstackBANK1   001AE
ToMainLow_sendmsg@data          cstackCOMRAM  00018
ToMainLow_sendmsg@length        cstackCOMRAM  0001A
ToMainLow_sendmsg@msgtype       cstackCOMRAM  00017
WriteTimer0@timer               cstackCOMRAM  00030
WriteTimer0@timer0              cstackCOMRAM  0002E
WriteTimer1@timer               cstackCOMRAM  00003
WriteTimer1@timer1              cstackCOMRAM  00001
_ADCON0bits                     (abs)         00FC2
_ADRESH                         (abs)         00FC4
_ADRESL                         (abs)         00FC3
_Delay1KTCYx                    text21        01E74
_FromMainHigh_MQ                bssBANK2      00200
_FromMainHigh_recvmsg           text41        01D34
_FromMainHigh_sendmsg           text4         01C82
_FromMainLow_MQ                 bssBANK1      00100
_INTCONbits                     (abs)         00FF2
_IPR1bits                       (abs)         00F9F
_InterruptHandlerHigh           intcode       00008
_InterruptHandlerLow            intcodelo     00018
_LATB                           (abs)         00F8A
_MQ_Main_Willing_to_block       bssCOMRAM     00050
_OSCCON                         (abs)         00FD3
_OSCCONbits                     (abs)         00FD3
_OSCTUNEbits                    (abs)         00F9B
_OpenTimer0                     text28        01D82
_OpenTimer1                     text27        01C50
_OpenUSART                      text26        01688
_PIE1bits                       (abs)         00F9D
_PIR1bits                       (abs)         00F9E
_PORTDbits                      (abs)         00F83
_RCONbits                       (abs)         00FD0
_RCREG                          (abs)         00FAE
_RCSTA                          (abs)         00FAB
_RCSTAbits                      (abs)         00FAB
_ReadTimer1                     text37        01EBE
_ReadUSART                      text31        01E56
_SPBRG                          (abs)         00FAF
_SPBRGH                         (abs)         00FB0
_SSPADD                         (abs)         00FC8
_SSPBUF                         (abs)         00FC9
_SSPCON1                        (abs)         00FC6
_SSPCON1bits                    (abs)         00FC6
_SSPCON2                        (abs)         00FC5
_SSPCON2bits                    (abs)         00FC5
_SSPSTAT                        (abs)         00FC7
_SSPSTATbits                    (abs)         00FC7
_SleepIfOkay                    text54        01A6A
_T0CON                          (abs)         00FD5
_T0CONbits                      (abs)         00FD5
_T1CON                          (abs)         00FCD
_T1CONbits                      (abs)         00FCD
_TMR0H                          (abs)         00FD7
_TMR0L                          (abs)         00FD6
_TMR1H                          (abs)         00FCF
_TMR1L                          (abs)         00FCE
_TRISB                          (abs)         00F93
_TRISCbits                      (abs)         00F94
_TRISDbits                      (abs)         00F95
_TXSTA                          (abs)         00FAC
_TXSTAbits                      (abs)         00FAC
_ToMainHigh_MQ                  bssBANK1      00136
_ToMainHigh_recvmsg             text23        01BE8
_ToMainHigh_sendmsg             text45        01DCC
_ToMainLow_MQ                   bssBANK1      0016C
_ToMainLow_recvmsg              text22        01BB2
_ToMainLow_sendmsg              text34        01DA8
_USART_Status                   bssCOMRAM     00051
_WriteTimer0                    text40        01ED0
_WriteTimer1                    text33        01EAC
__CFG_CCP2MX$DEFAULT            (abs)         00000
__CFG_CP0$OFF                   (abs)         00000
__CFG_FCMEN$ON                  (abs)         00000
__CFG_FOSC$HSPLL                (abs)         00000
__CFG_FOSC2$ON                  (abs)         00000
__CFG_IESO$ON                   (abs)         00000
__CFG_STVREN$OFF                (abs)         00000
__CFG_WDTEN$OFF                 (abs)         00000
__CFG_WDTPS$32768               (abs)         00000
__CFG_XINST$OFF                 (abs)         00000
__HRAM                          (abs)         00000
__Habs1                         abs1          00000
__Hbank0                        bank0         00000
__Hbank1                        bank1         00000
__Hbank2                        bank2         00000
__Hbank3                        bank3         00000
__Hbigbss                       bigbss        00000
__Hbigdata                      bigdata       00000
__Hbigram                       bigram        00000
__Hbss                          bss           00000
__HbssBANK1                     bssBANK1      00000
__HbssBANK2                     bssBANK2      00000
__HbssCOMRAM                    bssCOMRAM     00000
__Hcinit                        cinit         00000
__Hclrtext                      clrtext       00000
__Hcomram                       comram        00000
__Hconfig                       config        07FFE
__Hconst                        const         00000
__HcstackBANK0                  cstackBANK0   00000
__HcstackBANK1                  cstackBANK1   00000
__HcstackCOMRAM                 cstackCOMRAM  00000
__Hdata                         data          00000
__Hend_init                     end_init      000BA
__Hfarbss                       farbss        00000
__Hfardata                      fardata       00000
__Hibigdata                     ibigdata      00000
__Hidata                        idata         00000
__Hidloc                        idloc         00000
__Hifardata                     ifardata      00000
__Hinit                         init          000B6
__Hintcode                      intcode       00018
__Hintcode_body                 intcode_body  00000
__Hintcodelo                    intcodelo     000B6
__Hintentry                     intentry      00000
__Hintret                       intret        00000
__Hintsave_regs                 intsave_regs  00000
__Hirdata                       irdata        00000
__Hjflash_buffer                jflash_buffer 07800
__Hmediumconst                  mediumconst   00000
__HnvBANK0                      nvBANK0       00000
__HnvCOMRAM                     nvCOMRAM      00000
__HnvFARRAM                     nvFARRAM      00000
__Hnvbit                        nvbit         00000
__Hnvrram                       nvrram        00000
__Hparam                        rparam        00000
__Hpowerup                      powerup       000B6
__Hram                          ram           00000
__Hramtop                       ramtop        00400
__Hrbit                         rbit          00000
__Hrbss                         rbss          00000
__Hrdata                        rdata         00000
__Hreset_vec                    reset_vec     00004
__Hrparam                       rparam        00000
__Hsfr                          sfr           00000
__Hsmallconst                   smallconst    00000
__Hspace_0                      (abs)         07FFE
__Hspace_1                      (abs)         00236
__Hspace_2                      (abs)         00000
__Hstack                        stack         00000
__Hstruct                       struct        00000
__Htemp                         temp          00000
__Htext                         text          00000
__Htext0                        text0         00000
__Htext1                        text1         00000
__Htext10                       text10        00000
__Htext11                       text11        00000
__Htext12                       text12        00000
__Htext13                       text13        00000
__Htext14                       text14        00000
__Htext15                       text15        00000
__Htext16                       text16        00000
__Htext17                       text17        00000
__Htext18                       text18        00000
__Htext19                       text19        00000
__Htext2                        text2         00000
__Htext20                       text20        00000
__Htext21                       text21        00000
__Htext22                       text22        00000
__Htext23                       text23        00000
__Htext24                       text24        00000
__Htext25                       text25        00000
__Htext26                       text26        00000
__Htext27                       text27        00000
__Htext28                       text28        00000
__Htext3                        text3         00000
__Htext30                       text30        00000
__Htext31                       text31        00000
__Htext32                       text32        00000
__Htext33                       text33        00000
__Htext34                       text34        00000
__Htext35                       text35        00000
__Htext36                       text36        00000
__Htext37                       text37        00000
__Htext39                       text39        00000
__Htext4                        text4         00000
__Htext40                       text40        00000
__Htext41                       text41        00000
__Htext42                       text42        00000
__Htext43                       text43        00000
__Htext44                       text44        00000
__Htext45                       text45        00000
__Htext46                       text46        00000
__Htext47                       text47        00000
__Htext48                       text48        00000
__Htext49                       text49        00000
__Htext5                        text5         00000
__Htext50                       text50        00000
__Htext51                       text51        00000
__Htext52                       text52        00000
__Htext53                       text53        00000
__Htext54                       text54        00000
__Htext55                       text55        00000
__Htext56                       text56        00000
__Htext57                       text57        00000
__Htext58                       text58        00000
__Htext6                        text6         00000
__Htext7                        text7         00000
__Htext8                        text8         00000
__Htext9                        text9         00000
__LRAM                          (abs)         00001
__Labs1                         abs1          00000
__Lbank0                        bank0         00000
__Lbank1                        bank1         00000
__Lbank2                        bank2         00000
__Lbank3                        bank3         00000
__Lbigbss                       bigbss        00000
__Lbigdata                      bigdata       00000
__Lbigram                       bigram        00000
__Lbss                          bss           00000
__LbssBANK1                     bssBANK1      00000
__LbssBANK2                     bssBANK2      00000
__LbssCOMRAM                    bssCOMRAM     00000
__Lcinit                        cinit         00000
__Lclrtext                      clrtext       00000
__Lcomram                       comram        00000
__Lconfig                       config        07FF8
__Lconst                        const         00000
__LcstackBANK0                  cstackBANK0   00000
__LcstackBANK1                  cstackBANK1   00000
__LcstackCOMRAM                 cstackCOMRAM  00000
__Ldata                         data          00000
__Lend_init                     end_init      000B6
__Lfarbss                       farbss        00000
__Lfardata                      fardata       00000
__Libigdata                     ibigdata      00000
__Lidata                        idata         00000
__Lidloc                        idloc         00000
__Lifardata                     ifardata      00000
__Linit                         init          000B6
__Lintcode                      intcode       00008
__Lintcode_body                 intcode_body  00000
__Lintcodelo                    intcodelo     00018
__Lintentry                     intentry      00000
__Lintret                       intret        00000
__Lintsave_regs                 intsave_regs  00000
__Lirdata                       irdata        00000
__Ljflash_buffer                jflash_buffer 07800
__Lmediumconst                  mediumconst   00000
__LnvBANK0                      nvBANK0       00000
__LnvCOMRAM                     nvCOMRAM      00000
__LnvFARRAM                     nvFARRAM      00000
__Lnvbit                        nvbit         00000
__Lnvrram                       nvrram        00000
__Lparam                        rparam        00000
__Lpowerup                      powerup       000B6
__Lram                          ram           00000
__Lramtop                       ramtop        00400
__Lrbit                         rbit          00000
__Lrbss                         rbss          00000
__Lrdata                        rdata         00000
__Lreset_vec                    reset_vec     00000
__Lrparam                       rparam        00000
__Lsfr                          sfr           00000
__Lsmallconst                   smallconst    00000
__Lspace_0                      (abs)         00000
__Lspace_1                      (abs)         00000
__Lspace_2                      (abs)         00000
__Lstack                        stack         00000
__Lstruct                       struct        00000
__Ltemp                         temp          00000
__Ltext                         text          00000
__Ltext0                        text0         00000
__Ltext1                        text1         00000
__Ltext10                       text10        00000
__Ltext11                       text11        00000
__Ltext12                       text12        00000
__Ltext13                       text13        00000
__Ltext14                       text14        00000
__Ltext15                       text15        00000
__Ltext16                       text16        00000
__Ltext17                       text17        00000
__Ltext18                       text18        00000
__Ltext19                       text19        00000
__Ltext2                        text2         00000
__Ltext20                       text20        00000
__Ltext21                       text21        00000
__Ltext22                       text22        00000
__Ltext23                       text23        00000
__Ltext24                       text24        00000
__Ltext25                       text25        00000
__Ltext26                       text26        00000
__Ltext27                       text27        00000
__Ltext28                       text28        00000
__Ltext3                        text3         00000
__Ltext30                       text30        00000
__Ltext31                       text31        00000
__Ltext32                       text32        00000
__Ltext33                       text33        00000
__Ltext34                       text34        00000
__Ltext35                       text35        00000
__Ltext36                       text36        00000
__Ltext37                       text37        00000
__Ltext39                       text39        00000
__Ltext4                        text4         00000
__Ltext40                       text40        00000
__Ltext41                       text41        00000
__Ltext42                       text42        00000
__Ltext43                       text43        00000
__Ltext44                       text44        00000
__Ltext45                       text45        00000
__Ltext46                       text46        00000
__Ltext47                       text47        00000
__Ltext48                       text48        00000
__Ltext49                       text49        00000
__Ltext5                        text5         00000
__Ltext50                       text50        00000
__Ltext51                       text51        00000
__Ltext52                       text52        00000
__Ltext53                       text53        00000
__Ltext54                       text54        00000
__Ltext55                       text55        00000
__Ltext56                       text56        00000
__Ltext57                       text57        00000
__Ltext58                       text58        00000
__Ltext6                        text6         00000
__Ltext7                        text7         00000
__Ltext8                        text8         00000
__Ltext9                        text9         00000
__S0                            (abs)         07FFE
__S1                            (abs)         00236
__S2                            (abs)         00000
___extmem_base                  (abs)         20000
___ftadd                        text52        00850
___ftadd@exp1                   cstackCOMRAM  00044
___ftadd@exp2                   cstackCOMRAM  00043
___ftadd@f1                     cstackCOMRAM  00039
___ftadd@f2                     cstackCOMRAM  0003C
___ftadd@sign                   cstackCOMRAM  00042
___ftdiv                        text51        00F66
___ftdiv@cntr                   cstackBANK0   00080
___ftdiv@exp                    cstackBANK0   00084
___ftdiv@f1                     cstackCOMRAM  00045
___ftdiv@f2                     cstackCOMRAM  00048
___ftdiv@f3                     cstackBANK0   00081
___ftdiv@sign                   cstackBANK0   00085
___ftmul                        text50        00B78
___ftmul@cntr                   cstackBANK0   00093
___ftmul@exp                    cstackBANK0   0008F
___ftmul@f1                     cstackBANK0   00086
___ftmul@f2                     cstackBANK0   00089
___ftmul@f3_as_product          cstackBANK0   00090
___ftmul@sign                   cstackBANK0   00094
___ftpack                       text53        0154C
___ftpack@arg                   cstackCOMRAM  0002E
___ftpack@exp                   cstackCOMRAM  00031
___ftpack@sign                  cstackCOMRAM  00032
___fttol                        text49        009FC
___fttol@exp1                   cstackBANK0   000A3
___fttol@f1                     cstackBANK0   00095
___fttol@lval                   cstackBANK0   0009F
___fttol@sign1                  cstackBANK0   0009E
___inthi_sp                     stack         00000
___intlo_sp                     stack         00000
___lwmod                        text3         0184E
___lwmod@counter                cstackBANK0   000BC
___lwmod@dividend               cstackBANK0   000B8
___lwmod@divisor                cstackBANK0   000BA
___lwtoft                       text48        01DF0
___lwtoft@c                     cstackCOMRAM  00036
___sp                           stack         00000
__accesstop                     (abs)         00080
__activetblptr                  (abs)         00002
__end_of_Delay1KTCYx            text21        01E88
__end_of_FromMainHigh_recvmsg   text41        01D5C
__end_of_FromMainHigh_sendmsg   text4         01CB0
__end_of_InterruptHandlerHigh   intcode_body  00E44
__end_of_InterruptHandlerLow    intcodelo     000B6
__end_of_OpenTimer0             text28        01DA8
__end_of_OpenTimer1             text27        01C82
__end_of_OpenUSART              text26        0170A
__end_of_ReadTimer1             text37        01ED0
__end_of_ReadUSART              text31        01E74
__end_of_SleepIfOkay            text54        01AB8
__end_of_ToMainHigh_recvmsg     text23        01C1E
__end_of_ToMainHigh_sendmsg     text45        01DF0
__end_of_ToMainLow_recvmsg      text22        01BE8
__end_of_ToMainLow_sendmsg      text34        01DCC
__end_of_WriteTimer0            text40        01EE2
__end_of_WriteTimer1            text33        01EBE
__end_of___ftadd                text52        009FC
__end_of___ftdiv                text51        0106C
__end_of___ftmul                text50        00CEE
__end_of___ftpack               text53        015F4
__end_of___fttol                text49        00B78
__end_of___lwmod                text3         018AE
__end_of___lwtoft               text48        01E14
__end_of__initialization        cinit         01D78
__end_of_block_on_To_msgqueues  text16        01968
__end_of_check_msg              text20        01C50
__end_of_enable_interrupts      text15        01F14
__end_of_enter_sleep_mode       text58        01F1A
__end_of_handle_start           text44        013F8
__end_of_i2c_configure_slave    text14        01D34
__end_of_i2c_int_handler        text43        00604
__end_of_in_high_int            text19        01EF2
__end_of_in_low_int             text18        01B76
__end_of_in_main                text17        01BB2
__end_of_init_debug             text13        01EAC
__end_of_init_i2c               text12        017EA
__end_of_init_queue             text11        0184E
__end_of_init_queues            text10        01A1A
__end_of_init_timer1_lthread    text9         01E9A
__end_of_init_uart_recv         text8         01E56
__end_of_main                   text0         00850
__end_of_memcpy                 text25        01A6A
__end_of_recv_msg               text24        00F66
__end_of_send_msg               text5         01260
__end_of_start_i2c_slave_reply  text7         01170
__end_of_timer0_int_handler     text39        019C4
__end_of_timer0_lthread         text6         01F00
__end_of_timer1_int_handler     text32        01CDE
__end_of_timer1_lthread         text2         0190C
__end_of_uart_lthread           text1         01784
__end_of_uart_recv_int_handler  text30        01688
__end_ofi1_memcpy               text36        01AF8
__end_ofi1_send_msg             text35        014A2
__end_ofi2_check_msg            text57        01E38
__end_ofi2_in_high_int          text56        01F0C
__end_ofi2_in_low_int           text55        01D0C
__end_ofi2_memcpy               text47        01B38
__end_ofi2_recv_msg             text42        01332
__end_ofi2_send_msg             text46        0154C
__initialization                cinit         01D5C
__mediumconst                   mediumconst   00000
__pbssBANK1                     bssBANK1      00100
__pbssBANK2                     bssBANK2      00200
__pbssCOMRAM                    bssCOMRAM     00050
__pcinit                        cinit         01D5C
__pcstackBANK0                  cstackBANK0   00080
__pcstackBANK1                  cstackBANK1   001A2
__pcstackCOMRAM                 cstackCOMRAM  00001
__pintcode                      intcode       00008
__pintcode_body                 intcode_body  00CEE
__pintcodelo                    intcodelo     00018
__pnvBANK0                      nvBANK0       000C5
__pnvCOMRAM                     nvCOMRAM      0004E
__ptext0                        text0         00604
__ptext1                        text1         0170A
__ptext10                       text10        019C4
__ptext11                       text11        017EA
__ptext12                       text12        01784
__ptext13                       text13        01E9A
__ptext14                       text14        01D0C
__ptext15                       text15        01F0C
__ptext16                       text16        0190C
__ptext17                       text17        01B76
__ptext18                       text18        01B38
__ptext19                       text19        01EE2
__ptext2                        text2         018AE
__ptext20                       text20        01C1E
__ptext21                       text21        01E74
__ptext22                       text22        01BB2
__ptext23                       text23        01BE8
__ptext24                       text24        00E44
__ptext25                       text25        01A1A
__ptext26                       text26        01688
__ptext27                       text27        01C50
__ptext28                       text28        01D82
__ptext3                        text3         0184E
__ptext30                       text30        015F4
__ptext31                       text31        01E56
__ptext32                       text32        01CB0
__ptext33                       text33        01EAC
__ptext34                       text34        01DA8
__ptext35                       text35        013F8
__ptext36                       text36        01AB8
__ptext37                       text37        01EBE
__ptext39                       text39        01968
__ptext4                        text4         01C82
__ptext40                       text40        01ED0
__ptext41                       text41        01D34
__ptext42                       text42        01260
__ptext43                       text43        000BA
__ptext44                       text44        01332
__ptext45                       text45        01DCC
__ptext46                       text46        014A2
__ptext47                       text47        01AF8
__ptext48                       text48        01DF0
__ptext49                       text49        009FC
__ptext5                        text5         01170
__ptext50                       text50        00B78
__ptext51                       text51        00F66
__ptext52                       text52        00850
__ptext53                       text53        0154C
__ptext54                       text54        01A6A
__ptext55                       text55        01CDE
__ptext56                       text56        01F00
__ptext57                       text57        01E14
__ptext58                       text58        01F14
__ptext6                        text6         01EF2
__ptext7                        text7         0106C
__ptext8                        text8         01E38
__ptext9                        text9         01E88
__ramtop                        ramtop        00400
__size_of_Delay1KTCYx           (abs)         00000
__size_of_FromMainHigh_recvmsg  (abs)         00000
__size_of_FromMainHigh_sendmsg  (abs)         00000
__size_of_InterruptHandlerHigh  (abs)         00000
__size_of_InterruptHandlerLow   (abs)         00000
__size_of_OpenTimer0            (abs)         00000
__size_of_OpenTimer1            (abs)         00000
__size_of_OpenUSART             (abs)         00000
__size_of_ReadTimer1            (abs)         00000
__size_of_ReadUSART             (abs)         00000
__size_of_SleepIfOkay           (abs)         00000
__size_of_ToMainHigh_recvmsg    (abs)         00000
__size_of_ToMainHigh_sendmsg    (abs)         00000
__size_of_ToMainLow_recvmsg     (abs)         00000
__size_of_ToMainLow_sendmsg     (abs)         00000
__size_of_WriteTimer0           (abs)         00000
__size_of_WriteTimer1           (abs)         00000
__size_of___ftadd               (abs)         00000
__size_of___ftdiv               (abs)         00000
__size_of___ftmul               (abs)         00000
__size_of___ftpack              (abs)         00000
__size_of___fttol               (abs)         00000
__size_of___lwmod               (abs)         00000
__size_of___lwtoft              (abs)         00000
__size_of_block_on_To_msgqueues (abs)         00000
__size_of_check_msg             (abs)         00000
__size_of_enable_interrupts     (abs)         00000
__size_of_enter_sleep_mode      (abs)         00000
__size_of_handle_start          (abs)         00000
__size_of_i2c_configure_slave   (abs)         00000
__size_of_i2c_int_handler       (abs)         00000
__size_of_in_high_int           (abs)         00000
__size_of_in_low_int            (abs)         00000
__size_of_in_main               (abs)         00000
__size_of_init_debug            (abs)         00000
__size_of_init_i2c              (abs)         00000
__size_of_init_queue            (abs)         00000
__size_of_init_queues           (abs)         00000
__size_of_init_timer1_lthread   (abs)         00000
__size_of_init_uart_recv        (abs)         00000
__size_of_main                  (abs)         00000
__size_of_memcpy                (abs)         00000
__size_of_recv_msg              (abs)         00000
__size_of_send_msg              (abs)         00000
__size_of_start_i2c_slave_reply (abs)         00000
__size_of_timer0_int_handler    (abs)         00000
__size_of_timer0_lthread        (abs)         00000
__size_of_timer1_int_handler    (abs)         00000
__size_of_timer1_lthread        (abs)         00000
__size_of_uart_lthread          (abs)         00000
__size_of_uart_recv_int_handler (abs)         00000
__size_ofi1_memcpy              (abs)         00000
__size_ofi1_send_msg            (abs)         00000
__size_ofi2_check_msg           (abs)         00000
__size_ofi2_in_high_int         (abs)         00000
__size_ofi2_in_low_int          (abs)         00000
__size_ofi2_memcpy              (abs)         00000
__size_ofi2_recv_msg            (abs)         00000
__size_ofi2_send_msg            (abs)         00000
__smallconst                    smallconst    00000
_block_on_To_msgqueues          text16        0190C
_check_msg                      text20        01C1E
_enable_interrupts              text15        01F0C
_enter_sleep_mode               text58        01F14
_handle_start                   text44        01332
_i2c_configure_slave            text14        01D0C
_i2c_int_handler                text43        000BA
_ic_ptr                         nvBANK0       000C5
_in_high_int                    text19        01EE2
_in_low_int                     text18        01B38
_in_main                        text17        01B76
_init_debug                     text13        01E9A
_init_i2c                       text12        01784
_init_queue                     text11        017EA
_init_queues                    text10        019C4
_init_timer1_lthread            text9         01E88
_init_uart_recv                 text8         01E38
_main                           text0         00604
_memcpy                         text25        01A1A
_recv_msg                       text24        00E44
_send_msg                       text5         01170
_start_i2c_slave_reply          text7         0106C
_timer0_int_handler             text39        01968
_timer0_lthread                 text6         01EF2
_timer1_int_handler             text32        01CB0
_timer1_lthread                 text2         018AE
_uart_lthread                   text1         0170A
_uart_recv_int_handler          text30        015F4
_uc_ptr                         nvCOMRAM      0004E
check_msg@qptr                  cstackBANK0   000B8
end_of_initialization           cinit         01D78
handle_start@data_read          cstackCOMRAM  0002E
i1_memcpy                       text36        01AB8
i1_send_msg                     text35        013F8
i1memcpy@d                      cstackCOMRAM  00007
i1memcpy@d1                     cstackCOMRAM  00001
i1memcpy@n                      cstackCOMRAM  00005
i1memcpy@s                      cstackCOMRAM  00009
i1memcpy@s1                     cstackCOMRAM  00003
i1send_msg@data                 cstackCOMRAM  0000F
i1send_msg@length               cstackCOMRAM  0000D
i1send_msg@msgtype              cstackCOMRAM  0000E
i1send_msg@qmsg                 cstackCOMRAM  00015
i1send_msg@qptr                 cstackCOMRAM  0000B
i1send_msg@slot                 cstackCOMRAM  00014
i1send_msg@tlength              cstackCOMRAM  00012
i2_check_msg                    text57        01E14
i2_in_high_int                  text56        01F00
i2_in_low_int                   text55        01CDE
i2_memcpy                       text47        01AF8
i2_recv_msg                     text42        01260
i2_send_msg                     text46        014A2
i2c_configure_slave@addr        cstackBANK0   000B8
i2c_int_handler@data_read       cstackBANK0   00088
i2c_int_handler@data_written    cstackBANK0   00083
i2c_int_handler@error_buf       cstackBANK0   00080
i2c_int_handler@i2c_data        cstackBANK0   00085
i2c_int_handler@msg_ready       cstackBANK0   00087
i2c_int_handler@msg_to_send     cstackBANK0   00086
i2c_int_handler@overrun_error   cstackBANK0   00084
i2check_msg@qptr                cstackCOMRAM  0002E
i2memcpy@d                      cstackCOMRAM  00034
i2memcpy@d1                     cstackCOMRAM  0002E
i2memcpy@n                      cstackCOMRAM  00032
i2memcpy@s                      cstackCOMRAM  00036
i2memcpy@s1                     cstackCOMRAM  00030
i2recv_msg@data                 cstackCOMRAM  0003D
i2recv_msg@maxlength            cstackCOMRAM  0003A
i2recv_msg@msgtype              cstackCOMRAM  0003B
i2recv_msg@qmsg                 cstackCOMRAM  00044
i2recv_msg@qptr                 cstackCOMRAM  00038
i2recv_msg@slot                 cstackCOMRAM  00041
i2recv_msg@tlength              cstackCOMRAM  00042
i2send_msg@data                 cstackCOMRAM  0003C
i2send_msg@length               cstackCOMRAM  0003A
i2send_msg@msgtype              cstackCOMRAM  0003B
i2send_msg@qmsg                 cstackCOMRAM  00042
i2send_msg@qptr                 cstackCOMRAM  00038
i2send_msg@slot                 cstackCOMRAM  00041
i2send_msg@tlength              cstackCOMRAM  0003F
init_i2c@ic                     cstackBANK0   000B8
init_queue@i                    cstackBANK0   000BA
init_queue@qptr                 cstackBANK0   000B8
init_timer1_lthread@tptr        cstackBANK0   000B8
init_uart_recv@uc               cstackBANK0   000B8
int_func                        intcode_body  00CEE
intlevel0                       text          00000
intlevel1                       text          00000
intlevel2                       text          00000
intlevel3                       text          00000
main@ic                         cstackBANK1   001D6
main@last_reg_recvd             cstackBANK1   001C7
main@length                     cstackBANK1   001D4
main@msgbuffer                  cstackBANK1   001BA
main@msgtype                    cstackBANK1   001D5
main@queue_data                 cstackBANK1   001B8
main@t0thread_data              cstackBANK1   001C5
main@t1thread_data              cstackBANK1   001C8
main@uc                         cstackBANK1   001CA
main@uthread_data               cstackBANK1   001CF
memcpy@d                        cstackBANK0   000BE
memcpy@d1                       cstackBANK0   000B8
memcpy@n                        cstackBANK0   000BC
memcpy@s                        cstackBANK0   000C0
memcpy@s1                       cstackBANK0   000BA
recv_msg@data                   cstackBANK1   001A7
recv_msg@maxlength              cstackBANK1   001A4
recv_msg@msgtype                cstackBANK1   001A5
recv_msg@qmsg                   cstackBANK1   001AC
recv_msg@qptr                   cstackBANK1   001A2
recv_msg@slot                   cstackBANK1   001A9
recv_msg@tlength                cstackBANK1   001AA
send_msg@data                   cstackBANK1   001A6
send_msg@length                 cstackBANK1   001A4
send_msg@msgtype                cstackBANK1   001A5
send_msg@qmsg                   cstackBANK1   001AB
send_msg@qptr                   cstackBANK1   001A2
send_msg@slot                   cstackBANK1   001AA
send_msg@tlength                cstackBANK1   001A8
stackhi                         (abs)         003FF
stacklo                         (abs)         00236
start                           init          000B6
start_i2c_slave_reply@length    cstackBANK0   000BC
start_i2c_slave_reply@msg       cstackBANK0   000B8
start_initialization            cinit         01D5C
timer0_int_handler@length       cstackBANK0   00080
timer0_int_handler@msgtype      cstackBANK0   00082
timer0_int_handler@val          cstackBANK0   00084
timer0_lthread@length           cstackBANK0   000BC
timer0_lthread@msgbuffer        cstackBANK0   000BE
timer0_lthread@msgtype          cstackBANK0   000BA
timer0_lthread@msgval           cstackBANK0   000C0
timer0_lthread@tptr             cstackBANK0   000B8
timer1_int_handler@result       cstackCOMRAM  0001B
timer1_lthread@length           cstackBANK1   001B4
timer1_lthread@msgbuffer        cstackBANK1   001B6
timer1_lthread@msgtype          cstackBANK1   001B2
timer1_lthread@retval           cstackBANK0   000C4
timer1_lthread@tptr             cstackBANK1   001B0
uart_lthread@length             cstackBANK0   000BC
uart_lthread@msgbuffer          cstackBANK0   000BE
uart_lthread@msgtype            cstackBANK0   000BA
uart_lthread@uptr               cstackBANK0   000B8


FUNCTION INFORMATION:

 *************** function _main *****************
 Defined at:
		line 187 in file "../src/main.c"
 Parameters:    Size  Location     Type
		None
 Auto vars:     Size  Location     Type
  ic             28   52[BANK1 ] struct __i2c_comm
  msgbuffer      11   24[BANK1 ] unsigned char [11]
  uthread_data    5   45[BANK1 ] struct __uart_thread_str
  uc              5   40[BANK1 ] struct __uart_comm
  t1thread_dat    2   38[BANK1 ] struct __timer1_thread_s
  t0thread_dat    2   35[BANK1 ] struct __timer0_thread_s
  queue_data      2   22[BANK1 ] unsigned short 
  msgtype         1   51[BANK1 ] unsigned char 
  length          1   50[BANK1 ] char 
  last_reg_rec    1   37[BANK1 ] unsigned char 
  i               1    0        unsigned char 
  c               1    0        unsigned char 
 Return value:  Size  Location     Type
		None               void
 Registers used:
		wreg, fsr1l, fsr1h, fsr2l, fsr2h, status,2, status,0, prodl, prodh, cstack
 Tracked objects:
		On entry : 
		On exit  : 
		Unchanged: 
 Data sizes:     COMRAM   BANK0   BANK1   BANK2   BANK3
      Params:         0       0       0       0       0
      Locals:         0       0      58       0       0
      Temps:          0       0       0       0       0
      Totals:         0       0      58       0       0
Total ram usage:       58 bytes
 Hardware stack levels required when called:   14
 This function calls:
		_OpenTimer0
		_OpenTimer1
		_OpenUSART
		_ToMainHigh_recvmsg
		_ToMainLow_recvmsg
		_block_on_To_msgqueues
		_enable_interrupts
		_i2c_configure_slave
		_init_debug
		_init_i2c
		_init_queues
		_init_timer1_lthread
		_init_uart_recv
		_start_i2c_slave_reply
		_timer0_lthread
		_timer1_lthread
		_uart_lthread
 This function is called by:
		Startup code after reset
 This function uses a non-reentrant model


 *************** function _uart_lthread *****************
 Defined at:
		line 9 in file "../src/uart_thread.c"
 Parameters:    Size  Location     Type
  uptr            2   56[BANK0 ] PTR struct __uart_thread
		 -> main@uthread_data(5), 
  msgtype         2   58[BANK0 ] int 
  length          2   60[BANK0 ] int 
  msgbuffer       2   62[BANK0 ] PTR unsigned char 
		 -> main@msgbuffer(11), 
 Auto vars:     Size  Location     Type
		None
 Return value:  Size  Location     Type
                  2   56[BANK0 ] int 
 Registers used:
		wreg, fsr2l, fsr2h, status,2, status,0
 Tracked objects:
		On entry : 
		On exit  : 
		Unchanged: 
 Data sizes:     COMRAM   BANK0   BANK1   BANK2   BANK3
      Params:         0       8       0       0       0
      Locals:         0       0       0       0       0
      Temps:          0       0       0       0       0
      Totals:         0       8       0       0       0
Total ram usage:        8 bytes
 Hardware stack levels used:    1
 Hardware stack levels required when called:   10
 This function calls:
		Nothing
 This function is called by:
		_main
 This function uses a non-reentrant model


 *************** function _timer1_lthread *****************
 Defined at:
		line 14 in file "../src/timer1_thread.c"
 Parameters:    Size  Location     Type
  tptr            2   14[BANK1 ] PTR struct __timer1_thre
		 -> main@t1thread_data(2), 
  msgtype         2   16[BANK1 ] int 
  length          2   18[BANK1 ] int 
  msgbuffer       2   20[BANK1 ] PTR unsigned char 
		 -> main@msgbuffer(11), 
 Auto vars:     Size  Location     Type
  retval          1   68[BANK0 ] char 
 Return value:  Size  Location     Type
                  2   14[BANK1 ] int 
 Registers used:
		wreg, fsr1l, fsr1h, fsr2l, fsr2h, status,2, status,0, prodl, prodh, cstack
 Tracked objects:
		On entry : 
		On exit  : 
		Unchanged: 
 Data sizes:     COMRAM   BANK0   BANK1   BANK2   BANK3
      Params:         0       0       8       0       0
      Locals:         0       1       0       0       0
      Temps:          0       0       0       0       0
      Totals:         0       1       8       0       0
Total ram usage:        9 bytes
 Hardware stack levels used:    1
 Hardware stack levels required when called:   13
 This function calls:
		_FromMainHigh_sendmsg
		___lwmod
 This function is called by:
		_main
 This function uses a non-reentrant model


 *************** function ___lwmod *****************
 Defined at:
		line 8 in file "C:\Program Files\Microchip\xc8\v1.32\sources\common\lwmod.c"
 Parameters:    Size  Location     Type
  dividend        2   56[BANK0 ] unsigned int 
  divisor         2   58[BANK0 ] unsigned int 
 Auto vars:     Size  Location     Type
  counter         1   60[BANK0 ] unsigned char 
 Return value:  Size  Location     Type
                  2   56[BANK0 ] unsigned int 
 Registers used:
		wreg, status,2, status,0
 Tracked objects:
		On entry : 
		On exit  : 
		Unchanged: 
 Data sizes:     COMRAM   BANK0   BANK1   BANK2   BANK3
      Params:         0       4       0       0       0
      Locals:         0       1       0       0       0
      Temps:          0       0       0       0       0
      Totals:         0       5       0       0       0
Total ram usage:        5 bytes
 Hardware stack levels used:    1
 Hardware stack levels required when called:   10
 This function calls:
		Nothing
 This function is called by:
		_timer1_lthread
 This function uses a non-reentrant model


 *************** function _FromMainHigh_sendmsg *****************
 Defined at:
		line 174 in file "../src/messages.c"
 Parameters:    Size  Location     Type
  length          1    wreg     unsigned char 
  msgtype         1   11[BANK1 ] unsigned char 
  data            2   12[BANK1 ] PTR void 
		 -> main@t1thread_data(2), 
 Auto vars:     Size  Location     Type
  length          1   67[BANK0 ] unsigned char 
 Return value:  Size  Location     Type
                  1    wreg      char 
 Registers used:
		wreg, fsr1l, fsr1h, fsr2l, fsr2h, status,2, status,0, prodl, prodh, cstack
 Tracked objects:
		On entry : 
		On exit  : 
		Unchanged: 
 Data sizes:     COMRAM   BANK0   BANK1   BANK2   BANK3
      Params:         0       0       3       0       0
      Locals:         0       1       0       0       0
      Temps:          0       0       0       0       0
      Totals:         0       1       3       0       0
Total ram usage:        4 bytes
 Hardware stack levels used:    1
 Hardware stack levels required when called:   12
 This function calls:
		_send_msg
 This function is called by:
		_timer1_lthread
 This function uses a non-reentrant model


 *************** function _send_msg *****************
 Defined at:
		line 24 in file "../src/messages.c"
 Parameters:    Size  Location     Type
  qptr            2    0[BANK1 ] PTR struct __msg_queue
		 -> FromMainHigh_MQ(54), FromMainLow_MQ(54), ToMainHigh_MQ(54), ToMainLow_MQ(54), 
  length          1    2[BANK1 ] unsigned char 
  msgtype         1    3[BANK1 ] unsigned char 
  data            2    4[BANK1 ] PTR void 
		 -> main@t1thread_data(2), main@ic(28), main@uc(5), timer0_int_handler@val(2), 
		 -> NULL(0), i2c_int_handler@error_buf(3), RAM(1023), 
 Auto vars:     Size  Location     Type
  qmsg            2    9[BANK1 ] PTR struct __msg
		 -> FromMainLow_MQ.queue(52), FromMainHigh_MQ.queue(52), ToMainHigh_MQ.queue(52), ToMainLow_MQ.queue(52), 
		 -> FromMainHigh_MQ(54), FromMainLow_MQ(54), ToMainHigh_MQ(54), ToMainLow_MQ(54), 
  tlength         2    6[BANK1 ] unsigned int 
  slot            1    8[BANK1 ] unsigned char 
 Return value:  Size  Location     Type
                  1    wreg      char 
 Registers used:
		wreg, fsr1l, fsr1h, fsr2l, fsr2h, status,2, status,0, prodl, prodh, cstack
 Tracked objects:
		On entry : 
		On exit  : 
		Unchanged: 
 Data sizes:     COMRAM   BANK0   BANK1   BANK2   BANK3
      Params:         0       0       6       0       0
      Locals:         0       0       5       0       0
      Temps:          0       1       0       0       0
      Totals:         0       1      11       0       0
Total ram usage:       12 bytes
 Hardware stack levels used:    1
 Hardware stack levels required when called:   11
 This function calls:
		_memcpy
 This function is called by:
		_FromMainHigh_sendmsg
		_FromMainLow_sendmsg
 This function uses a non-reentrant model


 *************** function _timer0_lthread *****************
 Defined at:
		line 9 in file "../src/timer0_thread.c"
 Parameters:    Size  Location     Type
  tptr            2   56[BANK0 ] PTR struct __timer0_thre
		 -> main@t0thread_data(2), 
  msgtype         2   58[BANK0 ] int 
  length          2   60[BANK0 ] int 
  msgbuffer       2   62[BANK0 ] PTR unsigned char 
		 -> main@msgbuffer(11), 
 Auto vars:     Size  Location     Type
  msgval          2   64[BANK0 ] PTR unsigned int 
		 -> main@msgbuffer(11), 
 Return value:  Size  Location     Type
                  2   56[BANK0 ] int 
 Registers used:
		wreg, status,2, status,0
 Tracked objects:
		On entry : 
		On exit  : 
		Unchanged: 
 Data sizes:     COMRAM   BANK0   BANK1   BANK2   BANK3
      Params:         0       8       0       0       0
      Locals:         0       2       0       0       0
      Temps:          0       0       0       0       0
      Totals:         0      10       0       0       0
Total ram usage:       10 bytes
 Hardware stack levels used:    1
 Hardware stack levels required when called:   10
 This function calls:
		Nothing
 This function is called by:
		_main
 This function uses a non-reentrant model


 *************** function _start_i2c_slave_reply *****************
 Defined at:
		line 53 in file "../src/my_i2c.c"
 Parameters:    Size  Location     Type
  length          1    wreg     unsigned char 
  msg             2   56[BANK0 ] PTR unsigned char 
		 -> main@msgbuffer(11), NULL(0), 
 Auto vars:     Size  Location     Type
  length          1   60[BANK0 ] unsigned char 
 Return value:  Size  Location     Type
		None               void
 Registers used:
		wreg, fsr1l, fsr1h, fsr2l, fsr2h, status,2, status,0, prodl, prodh
 Tracked objects:
		On entry : 
		On exit  : 
		Unchanged: 
 Data sizes:     COMRAM   BANK0   BANK1   BANK2   BANK3
      Params:         0       2       0       0       0
      Locals:         0       1       0       0       0
      Temps:          0       2       0       0       0
      Totals:         0       5       0       0       0
Total ram usage:        5 bytes
 Hardware stack levels used:    1
 Hardware stack levels required when called:   10
 This function calls:
		Nothing
 This function is called by:
		_main
 This function uses a non-reentrant model


 *************** function _init_uart_recv *****************
 Defined at:
		line 49 in file "../src/my_uart.c"
 Parameters:    Size  Location     Type
  uc              2   56[BANK0 ] PTR struct __uart_comm
		 -> main@uc(5), 
 Auto vars:     Size  Location     Type
		None
 Return value:  Size  Location     Type
		None               void
 Registers used:
		wreg, fsr2l, fsr2h, status,2, status,0
 Tracked objects:
		On entry : 
		On exit  : 
		Unchanged: 
 Data sizes:     COMRAM   BANK0   BANK1   BANK2   BANK3
      Params:         0       2       0       0       0
      Locals:         0       0       0       0       0
      Temps:          0       0       0       0       0
      Totals:         0       2       0       0       0
Total ram usage:        2 bytes
 Hardware stack levels used:    1
 Hardware stack levels required when called:   10
 This function calls:
		Nothing
 This function is called by:
		_main
 This function uses a non-reentrant model


 *************** function _init_timer1_lthread *****************
 Defined at:
		line 6 in file "../src/timer1_thread.c"
 Parameters:    Size  Location     Type
  tptr            2   56[BANK0 ] PTR struct __timer1_thre
		 -> main@t1thread_data(2), 
 Auto vars:     Size  Location     Type
		None
 Return value:  Size  Location     Type
		None               void
 Registers used:
		wreg, fsr2l, fsr2h
 Tracked objects:
		On entry : 
		On exit  : 
		Unchanged: 
 Data sizes:     COMRAM   BANK0   BANK1   BANK2   BANK3
      Params:         0       2       0       0       0
      Locals:         0       0       0       0       0
      Temps:          0       0       0       0       0
      Totals:         0       2       0       0       0
Total ram usage:        2 bytes
 Hardware stack levels used:    1
 Hardware stack levels required when called:   10
 This function calls:
		Nothing
 This function is called by:
		_main
 This function uses a non-reentrant model


 *************** function _init_queues *****************
 Defined at:
		line 194 in file "../src/messages.c"
 Parameters:    Size  Location     Type
		None
 Auto vars:     Size  Location     Type
		None
 Return value:  Size  Location     Type
		None               void
 Registers used:
		wreg, fsr2l, fsr2h, status,2, status,0, prodl, prodh, cstack
 Tracked objects:
		On entry : 
		On exit  : 
		Unchanged: 
 Data sizes:     COMRAM   BANK0   BANK1   BANK2   BANK3
      Params:         0       0       0       0       0
      Locals:         0       0       0       0       0
      Temps:          0       0       0       0       0
      Totals:         0       0       0       0       0
Total ram usage:        0 bytes
 Hardware stack levels used:    1
 Hardware stack levels required when called:   11
 This function calls:
		_init_queue
 This function is called by:
		_main
 This function uses a non-reentrant model


 *************** function _init_queue *****************
 Defined at:
		line 14 in file "../src/messages.c"
 Parameters:    Size  Location     Type
  qptr            2   56[BANK0 ] PTR struct __msg_queue
		 -> FromMainHigh_MQ(54), FromMainLow_MQ(54), ToMainHigh_MQ(54), ToMainLow_MQ(54), 
 Auto vars:     Size  Location     Type
  i               1   58[BANK0 ] unsigned char 
 Return value:  Size  Location     Type
		None               void
 Registers used:
		wreg, fsr2l, fsr2h, status,2, status,0, prodl, prodh
 Tracked objects:
		On entry : 
		On exit  : 
		Unchanged: 
 Data sizes:     COMRAM   BANK0   BANK1   BANK2   BANK3
      Params:         0       2       0       0       0
      Locals:         0       1       0       0       0
      Temps:          0       0       0       0       0
      Totals:         0       3       0       0       0
Total ram usage:        3 bytes
 Hardware stack levels used:    1
 Hardware stack levels required when called:   10
 This function calls:
		Nothing
 This function is called by:
		_init_queues
 This function uses a non-reentrant model


 *************** function _init_i2c *****************
 Defined at:
		line 268 in file "../src/my_i2c.c"
 Parameters:    Size  Location     Type
  ic              2   56[BANK0 ] PTR struct __i2c_comm
		 -> main@ic(28), 
 Auto vars:     Size  Location     Type
		None
 Return value:  Size  Location     Type
		None               void
 Registers used:
		wreg, fsr2l, fsr2h, status,2, status,0
 Tracked objects:
		On entry : 
		On exit  : 
		Unchanged: 
 Data sizes:     COMRAM   BANK0   BANK1   BANK2   BANK3
      Params:         0       2       0       0       0
      Locals:         0       0       0       0       0
      Temps:          0       0       0       0       0
      Totals:         0       2       0       0       0
Total ram usage:        2 bytes
 Hardware stack levels used:    1
 Hardware stack levels required when called:   10
 This function calls:
		Nothing
 This function is called by:
		_main
 This function uses a non-reentrant model


 *************** function _init_debug *****************
 Defined at:
		line 19 in file "../src/init_debug.c"
 Parameters:    Size  Location     Type
		None
 Auto vars:     Size  Location     Type
		None
 Return value:  Size  Location     Type
		None               void
 Registers used:
		None
 Tracked objects:
		On entry : 
		On exit  : 
		Unchanged: 
 Data sizes:     COMRAM   BANK0   BANK1   BANK2   BANK3
      Params:         0       0       0       0       0
      Locals:         0       0       0       0       0
      Temps:          0       0       0       0       0
      Totals:         0       0       0       0       0
Total ram usage:        0 bytes
 Hardware stack levels used:    1
 Hardware stack levels required when called:   10
 This function calls:
		Nothing
 This function is called by:
		_main
 This function uses a non-reentrant model


 *************** function _i2c_configure_slave *****************
 Defined at:
		line 279 in file "../src/my_i2c.c"
 Parameters:    Size  Location     Type
  addr            1    wreg     unsigned char 
 Auto vars:     Size  Location     Type
  addr            1   56[BANK0 ] unsigned char 
 Return value:  Size  Location     Type
		None               void
 Registers used:
		wreg, status,2, status,0
 Tracked objects:
		On entry : 
		On exit  : 
		Unchanged: 
 Data sizes:     COMRAM   BANK0   BANK1   BANK2   BANK3
      Params:         0       0       0       0       0
      Locals:         0       1       0       0       0
      Temps:          0       0       0       0       0
      Totals:         0       1       0       0       0
Total ram usage:        1 bytes
 Hardware stack levels used:    1
 Hardware stack levels required when called:   10
 This function calls:
		Nothing
 This function is called by:
		_main
 This function uses a non-reentrant model


 *************** function _enable_interrupts *****************
 Defined at:
		line 16 in file "../src/interrupts.c"
 Parameters:    Size  Location     Type
		None
 Auto vars:     Size  Location     Type
		None
 Return value:  Size  Location     Type
		None               void
 Registers used:
		None
 Tracked objects:
		On entry : 
		On exit  : 
		Unchanged: 
 Data sizes:     COMRAM   BANK0   BANK1   BANK2   BANK3
      Params:         0       0       0       0       0
      Locals:         0       0       0       0       0
      Temps:          0       0       0       0       0
      Totals:         0       0       0       0       0
Total ram usage:        0 bytes
 Hardware stack levels used:    1
 Hardware stack levels required when called:   10
 This function calls:
		Nothing
 This function is called by:
		_main
 This function uses a non-reentrant model


 *************** function _block_on_To_msgqueues *****************
 Defined at:
		line 256 in file "../src/messages.c"
 Parameters:    Size  Location     Type
		None
 Auto vars:     Size  Location     Type
		None
 Return value:  Size  Location     Type
		None               void
 Registers used:
		wreg, fsr2l, fsr2h, status,2, status,0, prodl, prodh, cstack
 Tracked objects:
		On entry : 
		On exit  : 
		Unchanged: 
 Data sizes:     COMRAM   BANK0   BANK1   BANK2   BANK3
      Params:         0       0       0       0       0
      Locals:         0       0       0       0       0
      Temps:          0       0       0       0       0
      Totals:         0       0       0       0       0
Total ram usage:        0 bytes
 Hardware stack levels used:    1
 Hardware stack levels required when called:   13
 This function calls:
		_Delay1KTCYx
		_check_msg
		_in_main
 This function is called by:
		_main
 This function uses a non-reentrant model


 *************** function _in_main *****************
 Defined at:
		line 42 in file "../src/interrupts.c"
 Parameters:    Size  Location     Type
		None
 Auto vars:     Size  Location     Type
		None
 Return value:  Size  Location     Type
                  2   60[BANK0 ] int 
 Registers used:
		wreg, status,2, status,0, cstack
 Tracked objects:
		On entry : 
		On exit  : 
		Unchanged: 
 Data sizes:     COMRAM   BANK0   BANK1   BANK2   BANK3
      Params:         0       2       0       0       0
      Locals:         0       0       0       0       0
      Temps:          0       0       0       0       0
      Totals:         0       2       0       0       0
Total ram usage:        2 bytes
 Hardware stack levels used:    1
 Hardware stack levels required when called:   12
 This function calls:
		_in_high_int
		_in_low_int
 This function is called by:
		_block_on_To_msgqueues
 This function uses a non-reentrant model


 *************** function _in_low_int *****************
 Defined at:
		line 32 in file "../src/interrupts.c"
 Parameters:    Size  Location     Type
		None
 Auto vars:     Size  Location     Type
		None
 Return value:  Size  Location     Type
                  2   58[BANK0 ] int 
 Registers used:
		wreg, status,2, status,0, cstack
 Tracked objects:
		On entry : 
		On exit  : 
		Unchanged: 
 Data sizes:     COMRAM   BANK0   BANK1   BANK2   BANK3
      Params:         0       2       0       0       0
      Locals:         0       0       0       0       0
      Temps:          0       0       0       0       0
      Totals:         0       2       0       0       0
Total ram usage:        2 bytes
 Hardware stack levels used:    1
 Hardware stack levels required when called:   11
 This function calls:
		_in_high_int
 This function is called by:
		_in_main
 This function uses a non-reentrant model


 *************** function _in_high_int *****************
 Defined at:
		line 24 in file "../src/interrupts.c"
 Parameters:    Size  Location     Type
		None
 Auto vars:     Size  Location     Type
		None
 Return value:  Size  Location     Type
                  2   56[BANK0 ] int 
 Registers used:
		wreg, status,2
 Tracked objects:
		On entry : 
		On exit  : 
		Unchanged: 
 Data sizes:     COMRAM   BANK0   BANK1   BANK2   BANK3
      Params:         0       2       0       0       0
      Locals:         0       0       0       0       0
      Temps:          0       0       0       0       0
      Totals:         0       2       0       0       0
Total ram usage:        2 bytes
 Hardware stack levels used:    1
 Hardware stack levels required when called:   10
 This function calls:
		Nothing
 This function is called by:
		_in_low_int
		_in_main
 This function uses a non-reentrant model


 *************** function _check_msg *****************
 Defined at:
		line 220 in file "../src/messages.c"
 Parameters:    Size  Location     Type
  qptr            2   56[BANK0 ] PTR struct __msg_queue
		 -> ToMainHigh_MQ(54), ToMainLow_MQ(54), 
 Auto vars:     Size  Location     Type
		None
 Return value:  Size  Location     Type
                  1    wreg      unsigned char 
 Registers used:
		wreg, fsr2l, fsr2h, status,2, status,0, prodl, prodh
 Tracked objects:
		On entry : 
		On exit  : 
		Unchanged: 
 Data sizes:     COMRAM   BANK0   BANK1   BANK2   BANK3
      Params:         0       2       0       0       0
      Locals:         0       0       0       0       0
      Temps:          0       1       0       0       0
      Totals:         0       3       0       0       0
Total ram usage:        3 bytes
 Hardware stack levels used:    1
 Hardware stack levels required when called:   10
 This function calls:
		Nothing
 This function is called by:
		_block_on_To_msgqueues
 This function uses a non-reentrant model


 *************** function _Delay1KTCYx *****************
 Defined at:
		line 8 in file "C:\Program Files\Microchip\xc8\v1.32\sources\pic18\d1ktcyx.c"
 Parameters:    Size  Location     Type
  unit            1    wreg     unsigned char 
 Auto vars:     Size  Location     Type
  unit            1   56[BANK0 ] unsigned char 
 Return value:  Size  Location     Type
		None               void
 Registers used:
		wreg
 Tracked objects:
		On entry : 
		On exit  : 
		Unchanged: 
 Data sizes:     COMRAM   BANK0   BANK1   BANK2   BANK3
      Params:         0       0       0       0       0
      Locals:         0       1       0       0       0
      Temps:          0       0       0       0       0
      Totals:         0       1       0       0       0
Total ram usage:        1 bytes
 Hardware stack levels used:    1
 Hardware stack levels required when called:   10
 This function calls:
		Nothing
 This function is called by:
		_block_on_To_msgqueues
 This function uses a non-reentrant model


 *************** function _ToMainLow_recvmsg *****************
 Defined at:
		line 112 in file "../src/messages.c"
 Parameters:    Size  Location     Type
  maxlength       1    wreg     unsigned char 
  msgtype         2   12[BANK1 ] PTR unsigned char 
		 -> main@msgtype(1), 
  data            2   14[BANK1 ] PTR void 
		 -> main@msgbuffer(11), 
 Auto vars:     Size  Location     Type
  maxlength       1   68[BANK0 ] unsigned char 
 Return value:  Size  Location     Type
                  1    wreg      char 
 Registers used:
		wreg, fsr1l, fsr1h, fsr2l, fsr2h, status,2, status,0, prodl, prodh, cstack
 Tracked objects:
		On entry : 
		On exit  : 
		Unchanged: 
 Data sizes:     COMRAM   BANK0   BANK1   BANK2   BANK3
      Params:         0       0       4       0       0
      Locals:         0       1       0       0       0
      Temps:          0       0       0       0       0
      Totals:         0       1       4       0       0
Total ram usage:        5 bytes
 Hardware stack levels used:    1
 Hardware stack levels required when called:   12
 This function calls:
		_recv_msg
 This function is called by:
		_main
[...]
		_ToMainHigh_sendmsg
 This function uses a non-reentrant model


 *************** function i2_memcpy *****************
 Defined at:
		line 11 in file "C:\Program Files\Microchip\xc8\v1.32\sources\common\memcpy.c"
 Parameters:    Size  Location     Type
  d1              2   45[COMRAM] PTR void 
		 -> FromMainLow_MQ.queue(52), FromMainHigh_MQ.queue(52), ToMainHigh_MQ.queue(52), ToMainLow_MQ.queue(52), 
		 -> main@msgbuffer(11), timer0_int_handler@val(2), FromMainHigh_MQ(54), FromMainLow_MQ(54), 
		 -> ToMainHigh_MQ(54), ToMainLow_MQ(54), 
  s1              2   47[COMRAM] PTR const void 
		 -> ToMainLow_MQ.data(10), ToMainHigh_MQ.data(10), FromMainLow_MQ.data(10), FromMainHigh_MQ.data(10), 
		 -> ToMainLow_MQ.queue.data(10), ToMainHigh_MQ.queue.data(10), FromMainHigh_MQ.queue.data(10), FromMainLow_MQ.queue.data(10), 
		 -> main@t1thread_data(2), main@ic(28), main@uc(5), timer0_int_handler@val(2), 
		 -> NULL(0), i2c_int_handler@error_buf(3), FromMainHigh_MQ(54), FromMainLow_MQ(54), 
		 -> ToMainHigh_MQ(54), ToMainLow_MQ(54), RAM(1023), 
  n               2   49[COMRAM] unsigned int 
 Auto vars:     Size  Location     Type
  memcpy          2   53[COMRAM] PTR const unsigned char 
		 -> ToMainLow_MQ.data(10), ToMainHigh_MQ.data(10), FromMainLow_MQ.data(10), FromMainHigh_MQ.data(10), 
		 -> ToMainLow_MQ.queue.data(10), ToMainHigh_MQ.queue.data(10), FromMainHigh_MQ.queue.data(10), FromMainLow_MQ.queue.data(10), 
		 -> main@t1thread_data(2), main@ic(28), main@uc(5), timer0_int_handler@val(2), 
		 -> NULL(0), i2c_int_handler@error_buf(3), FromMainHigh_MQ(54), FromMainLow_MQ(54), 
		 -> ToMainHigh_MQ(54), ToMainLow_MQ(54), RAM(1023), 
  memcpy          2   51[COMRAM] PTR unsigned char 
		 -> FromMainLow_MQ.queue(52), FromMainHigh_MQ.queue(52), ToMainHigh_MQ.queue(52), ToMainLow_MQ.queue(52), 
		 -> main@msgbuffer(11), timer0_int_handler@val(2), FromMainHigh_MQ(54), FromMainLow_MQ(54), 
		 -> ToMainHigh_MQ(54), ToMainLow_MQ(54), 
 Return value:  Size  Location     Type
                  2   45[COMRAM] PTR void 
 Registers used:
		wreg, fsr1l, fsr1h, fsr2l, fsr2h, status,2, status,0
 Tracked objects:
		On entry : 
		On exit  : 
		Unchanged: 
 Data sizes:     COMRAM   BANK0   BANK1   BANK2   BANK3
      Params:         6       0       0       0       0
      Locals:         4       0       0       0       0
      Temps:          0       0       0       0       0
      Totals:        10       0       0       0       0
Total ram usage:       10 bytes
 Hardware stack levels used:    1
 This function calls:
		Nothing
 This function is called by:
		i2_send_msg
		i2_recv_msg
 This function uses a non-reentrant model


 *************** function ___lwtoft *****************
 Defined at:
		line 28 in file "C:\Program Files\Microchip\xc8\v1.32\sources\common\lwtoft.c"
 Parameters:    Size  Location     Type
  c               2   53[COMRAM] unsigned int 
 Auto vars:     Size  Location     Type
		None
 Return value:  Size  Location     Type
                  3   53[COMRAM] float 
 Registers used:
		wreg, status,2, status,0, cstack
 Tracked objects:
		On entry : 
		On exit  : 
		Unchanged: 
 Data sizes:     COMRAM   BANK0   BANK1   BANK2   BANK3
      Params:         3       0       0       0       0
      Locals:         0       0       0       0       0
      Temps:          0       0       0       0       0
      Totals:         3       0       0       0       0
Total ram usage:        3 bytes
 Hardware stack levels used:    1
 Hardware stack levels required when called:    1
 This function calls:
		___ftpack
 This function is called by:
		_InterruptHandlerHigh
 This function uses a non-reentrant model


 *************** function ___fttol *****************
 Defined at:
		line 44 in file "C:\Program Files\Microchip\xc8\v1.32\sources\common\fttol.c"
 Parameters:    Size  Location     Type
  f1              3   21[BANK0 ] float 
 Auto vars:     Size  Location     Type
  lval            4   31[BANK0 ] unsigned long 
  exp1            1   35[BANK0 ] unsigned char 
  sign1           1   30[BANK0 ] unsigned char 
 Return value:  Size  Location     Type
                  4   21[BANK0 ] long 
 Registers used:
		wreg, status,2, status,0
 Tracked objects:
		On entry : 
		On exit  : 
		Unchanged: 
 Data sizes:     COMRAM   BANK0   BANK1   BANK2   BANK3
      Params:         0       4       0       0       0
      Locals:         0       6       0       0       0
      Temps:          0       5       0       0       0
      Totals:         0      15       0       0       0
Total ram usage:       15 bytes
 Hardware stack levels used:    1
 This function calls:
		Nothing
 This function is called by:
		_InterruptHandlerHigh
 This function uses a non-reentrant model


 *************** function ___ftmul *****************
 Defined at:
		line 62 in file "C:\Program Files\Microchip\xc8\v1.32\sources\common\ftmul.c"
 Parameters:    Size  Location     Type
  f1              3    6[BANK0 ] float 
  f2              3    9[BANK0 ] float 
 Auto vars:     Size  Location     Type
  f3_as_produc    3   16[BANK0 ] unsigned um
  sign            1   20[BANK0 ] unsigned char 
  cntr            1   19[BANK0 ] unsigned char 
  exp             1   15[BANK0 ] unsigned char 
 Return value:  Size  Location     Type
                  3    6[BANK0 ] float 
 Registers used:
		wreg, status,2, status,0, cstack
 Tracked objects:
		On entry : 
		On exit  : 
		Unchanged: 
 Data sizes:     COMRAM   BANK0   BANK1   BANK2   BANK3
      Params:         0       6       0       0       0
      Locals:         0       6       0       0       0
      Temps:          0       3       0       0       0
      Totals:         0      15       0       0       0
Total ram usage:       15 bytes
 Hardware stack levels used:    1
 Hardware stack levels required when called:    1
 This function calls:
		___ftpack
 This function is called by:
		_InterruptHandlerHigh
 This function uses a non-reentrant model


 *************** function ___ftdiv *****************
 Defined at:
		line 49 in file "C:\Program Files\Microchip\xc8\v1.32\sources\common\ftdiv.c"
 Parameters:    Size  Location     Type
  f1              3   68[COMRAM] float 
  f2              3   71[COMRAM] float 
 Auto vars:     Size  Location     Type
  f3              3    1[BANK0 ] float 
  sign            1    5[BANK0 ] unsigned char 
  exp             1    4[BANK0 ] unsigned char 
  cntr            1    0[BANK0 ] unsigned char 
 Return value:  Size  Location     Type
                  3   68[COMRAM] float 
 Registers used:
		wreg, status,2, status,0, cstack
 Tracked objects:
		On entry : 
		On exit  : 
		Unchanged: 
 Data sizes:     COMRAM   BANK0   BANK1   BANK2   BANK3
      Params:         6       0       0       0       0
      Locals:         0       6       0       0       0
      Temps:          3       0       0       0       0
      Totals:         9       6       0       0       0
Total ram usage:       15 bytes
 Hardware stack levels used:    1
 Hardware stack levels required when called:    1
 This function calls:
		___ftpack
 This function is called by:
		_InterruptHandlerHigh
 This function uses a non-reentrant model


 *************** function ___ftadd *****************
 Defined at:
		line 86 in file "C:\Program Files\Microchip\xc8\v1.32\sources\common\ftadd.c"
 Parameters:    Size  Location     Type
  f1              3   56[COMRAM] float 
  f2              3   59[COMRAM] float 
 Auto vars:     Size  Location     Type
  exp1            1   67[COMRAM] unsigned char 
  exp2            1   66[COMRAM] unsigned char 
  sign            1   65[COMRAM] unsigned char 
 Return value:  Size  Location     Type
                  3   56[COMRAM] float 
 Registers used:
		wreg, status,2, status,0, cstack
 Tracked objects:
		On entry : 
		On exit  : 
		Unchanged: 
 Data sizes:     COMRAM   BANK0   BANK1   BANK2   BANK3
      Params:         6       0       0       0       0
      Locals:         3       0       0       0       0
      Temps:          3       0       0       0       0
      Totals:        12       0       0       0       0
Total ram usage:       12 bytes
 Hardware stack levels used:    1
 Hardware stack levels required when called:    1
 This function calls:
		___ftpack
 This function is called by:
		_InterruptHandlerHigh
 This function uses a non-reentrant model


 *************** function ___ftpack *****************
 Defined at:
		line 62 in file "C:\Program Files\Microchip\xc8\v1.32\sources\common\float.c"
 Parameters:    Size  Location     Type
  arg             3   45[COMRAM] unsigned um
  exp             1   48[COMRAM] unsigned char 
  sign            1   49[COMRAM] unsigned char 
 Auto vars:     Size  Location     Type
		None
 Return value:  Size  Location     Type
                  3   45[COMRAM] float 
 Registers used:
		wreg, status,2, status,0
 Tracked objects:
		On entry : 
		On exit  : 
		Unchanged: 
 Data sizes:     COMRAM   BANK0   BANK1   BANK2   BANK3
      Params:         5       0       0       0       0
      Locals:         0       0       0       0       0
      Temps:          3       0       0       0       0
      Totals:         8       0       0       0       0
Total ram usage:        8 bytes
 Hardware stack levels used:    1
 This function calls:
		Nothing
 This function is called by:
		___ftadd
		___ftdiv
		___ftmul
		___lwtoft
 This function uses a non-reentrant model


 *************** function _SleepIfOkay *****************
 Defined at:
		line 226 in file "../src/messages.c"
 Parameters:    Size  Location     Type
		None
 Auto vars:     Size  Location     Type
		None
 Return value:  Size  Location     Type
		None               void
 Registers used:
		wreg, fsr2l, fsr2h, status,2, status,0, prodl, prodh, cstack
 Tracked objects:
		On entry : 
		On exit  : 
		Unchanged: 
 Data sizes:     COMRAM   BANK0   BANK1   BANK2   BANK3
      Params:         0       0       0       0       0
      Locals:         0       0       0       0       0
      Temps:          0       0       0       0       0
      Totals:         0       0       0       0       0
Total ram usage:        0 bytes
 Hardware stack levels used:    1
 Hardware stack levels required when called:    2
 This function calls:
		_enter_sleep_mode
		i2_check_msg
		i2_in_high_int
		i2_in_low_int
 This function is called by:
		_InterruptHandlerHigh
 This function uses a non-reentrant model


 *************** function i2_in_low_int *****************
 Defined at:
		line 32 in file "../src/interrupts.c"
 Parameters:    Size  Location     Type
		None
 Auto vars:     Size  Location     Type
		None
 Return value:  Size  Location     Type
                  2   47[COMRAM] int 
 Registers used:
		wreg, status,2, status,0, cstack
 Tracked objects:
		On entry : 
		On exit  : 
		Unchanged: 
 Data sizes:     COMRAM   BANK0   BANK1   BANK2   BANK3
      Params:         2       0       0       0       0
      Locals:         0       0       0       0       0
      Temps:          0       0       0       0       0
      Totals:         2       0       0       0       0
Total ram usage:        2 bytes
 Hardware stack levels used:    1
 Hardware stack levels required when called:    1
 This function calls:
		i2_in_high_int
 This function is called by:
		_SleepIfOkay
 This function uses a non-reentrant model


 *************** function i2_in_high_int *****************
 Defined at:
		line 24 in file "../src/interrupts.c"
 Parameters:    Size  Location     Type
		None
 Auto vars:     Size  Location     Type
		None
 Return value:  Size  Location     Type
                  2   45[COMRAM] int 
 Registers used:
		wreg, status,2
 Tracked objects:
		On entry : 
		On exit  : 
		Unchanged: 
 Data sizes:     COMRAM   BANK0   BANK1   BANK2   BANK3
      Params:         2       0       0       0       0
      Locals:         0       0       0       0       0
      Temps:          0       0       0       0       0
      Totals:         2       0       0       0       0
Total ram usage:        2 bytes
 Hardware stack levels used:    1
 This function calls:
		Nothing
 This function is called by:
		_SleepIfOkay
		i2_in_low_int
 This function uses a non-reentrant model


 *************** function i2_check_msg *****************
 Defined at:
		line 220 in file "../src/messages.c"
 Parameters:    Size  Location     Type
  qptr            2   45[COMRAM] PTR struct __msg_queue
		 -> ToMainHigh_MQ(54), ToMainLow_MQ(54), 
 Auto vars:     Size  Location     Type
		None
 Return value:  Size  Location     Type
                  1    wreg      unsigned char 
 Registers used:
		wreg, fsr2l, fsr2h, status,2, status,0, prodl, prodh
 Tracked objects:
		On entry : 
		On exit  : 
		Unchanged: 
 Data sizes:     COMRAM   BANK0   BANK1   BANK2   BANK3
      Params:         2       0       0       0       0
      Locals:         0       0       0       0       0
      Temps:          1       0       0       0       0
      Totals:         3       0       0       0       0
Total ram usage:        3 bytes
 Hardware stack levels used:    1
 This function calls:
		Nothing
 This function is called by:
		_SleepIfOkay
 This function uses a non-reentrant model


 *************** function _enter_sleep_mode *****************
 Defined at:
		line 202 in file "../src/messages.c"
 Parameters:    Size  Location     Type
		None
 Auto vars:     Size  Location     Type
		None
 Return value:  Size  Location     Type
		None               void
 Registers used:
		None
 Tracked objects:
		On entry : 
		On exit  : 
		Unchanged: 
 Data sizes:     COMRAM   BANK0   BANK1   BANK2   BANK3
      Params:         0       0       0       0       0
      Locals:         0       0       0       0       0
      Temps:          0       0       0       0       0
      Totals:         0       0       0       0       0
Total ram usage:        0 bytes
 Hardware stack levels used:    1
 This function calls:
		Nothing
 This function is called by:
		_SleepIfOkay
 This function uses a non-reentrant model



MODULE INFORMATION

Module		Function		Class		Link	Load	Size
C:\Program Files\Microchip\xc8\v1.32\sources\common\memcpy.c
		_memcpy        		CODE           	1A1A	0000	80

C:\Program Files\Microchip\xc8\v1.32\sources\common\memcpy.c estimated size: 80

C:\Program Files\Microchip\xc8\v1.32\sources\pic18\plib\Timers\t0open.c
		_OpenTimer0    		CODE           	1D82	0000	38

C:\Program Files\Microchip\xc8\v1.32\sources\pic18\plib\Timers\t0open.c estimated size: 38

C:\Program Files\Microchip\xc8\v1.32\sources\common\fttol.c
		___fttol       		CODE           	09FC	0000	380

C:\Program Files\Microchip\xc8\v1.32\sources\common\fttol.c estimated size: 380

../src/timer0_thread.c
		_timer0_lthread		CODE           	1EF2	0000	14

../src/timer0_thread.c estimated size: 14

C:\Program Files\Microchip\xc8\v1.32\sources\pic18\plib\Timers\t1read.c
		_ReadTimer1    		CODE           	1EBE	0000	18

C:\Program Files\Microchip\xc8\v1.32\sources\pic18\plib\Timers\t1read.c estimated size: 18

C:\Program Files\Microchip\xc8\v1.32\sources\common\ftadd.c
		___ftadd       		CODE           	0850	0000	428

C:\Program Files\Microchip\xc8\v1.32\sources\common\ftadd.c estimated size: 428

../src/user_interrupts.c
		_timer0_int_han		CODE           	1968	0000	92
		_timer1_int_han		CODE           	1CB0	0000	46

../src/user_interrupts.c estimated size: 138

C:\Program Files\Microchip\xc8\v1.32\sources\pic18\d1ktcyx.c
		_Delay1KTCYx   		CODE           	1E74	0000	20

C:\Program Files\Microchip\xc8\v1.32\sources\pic18\d1ktcyx.c estimated size: 20

../src/my_i2c.c
		_start_i2c_slav		CODE           	106C	0000	260
		_handle_start  		CODE           	1332	0000	198
		_i2c_configure_		CODE           	1D0C	0000	40
		_init_i2c      		CODE           	1784	0000	102
		_i2c_int_handle		CODE           	00BA	0000	1354

../src/my_i2c.c estimated size: 1954

C:\Program Files\Microchip\xc8\v1.32\sources\common\float.c
		___ftpack      		CODE           	154C	0000	168

C:\Program Files\Microchip\xc8\v1.32\sources\common\float.c estimated size: 168

C:\Program Files\Microchip\xc8\v1.32\sources\pic18\plib\Timers\t1write.c
		_WriteTimer1   		CODE           	1EAC	0000	18

C:\Program Files\Microchip\xc8\v1.32\sources\pic18\plib\Timers\t1write.c estimated size: 18

../src/timer1_thread.c
		_timer1_lthread		CODE           	18AE	0000	94
		_init_timer1_lt		CODE           	1E88	0000	18

../src/timer1_thread.c estimated size: 112

../src/interrupts.c
		_enable_interru		CODE           	1F0C	0000	8
		_in_low_int    		CODE           	1B38	0000	62
		_in_main       		CODE           	1B76	0000	60
		_in_high_int   		CODE           	1EE2	0000	16
		_InterruptHandl		CODE           	0018	0000	158
		_InterruptHandl		CODE           	0008	0000	3644

../src/interrupts.c estimated size: 3948

shared
		i1_send_msg    		CODE           	13F8	0000	170
		i2_send_msg    		CODE           	14A2	0000	170
		i2_in_high_int 		CODE           	1F00	0000	12
		i2_recv_msg    		CODE           	1260	0000	210
		__initializatio		CODE           	1D5C	0000	28
		i2_in_low_int  		CODE           	1CDE	0000	46
		i1_memcpy      		CODE           	1AB8	0000	64
		i2_memcpy      		CODE           	1AF8	0000	64
		i2_check_msg   		CODE           	1E14	0000	36

shared estimated size: 800

../src/messages.c
		_ToMainHigh_sen		CODE           	1DCC	0000	36
		_ToMainHigh_rec		CODE           	1BE8	0000	54
		_block_on_To_ms		CODE           	190C	0000	92
		_check_msg     		CODE           	1C1E	0000	50
		_ToMainLow_send		CODE           	1DA8	0000	36
		_ToMainLow_recv		CODE           	1BB2	0000	54
		_FromMainHigh_s		CODE           	1C82	0000	46
		_enter_sleep_mo		CODE           	1F14	0000	6
		_send_msg      		CODE           	1170	0000	240
		_FromMainHigh_r		CODE           	1D34	0000	40
		_init_queue    		CODE           	17EA	0000	100
		_init_queues   		CODE           	19C4	0000	86
		_recv_msg      		CODE           	0E44	0000	290
		_SleepIfOkay   		CODE           	1A6A	0000	78

../src/messages.c estimated size: 1208

../src/my_uart.c
		_init_uart_recv		CODE           	1E38	0000	30
		_uart_recv_int_		CODE           	15F4	0000	148

../src/my_uart.c estimated size: 178

C:\Program Files\Microchip\xc8\v1.32\sources\common\lwtoft.c
		___lwtoft      		CODE           	1DF0	0000	36

C:\Program Files\Microchip\xc8\v1.32\sources\common\lwtoft.c estimated size: 36

C:\Program Files\Microchip\xc8\v1.32\sources\pic18\plib\Timers\t0write.c
		_WriteTimer0   		CODE           	1ED0	0000	18

C:\Program Files\Microchip\xc8\v1.32\sources\pic18\plib\Timers\t0write.c estimated size: 18

C:\Program Files\Microchip\xc8\v1.32\sources\common\lwmod.c
		___lwmod       		CODE           	184E	0000	96

C:\Program Files\Microchip\xc8\v1.32\sources\common\lwmod.c estimated size: 96

C:\Program Files\Microchip\xc8\v1.32\sources\common\ftmul.c
		___ftmul       		CODE           	0B78	0000	374

C:\Program Files\Microchip\xc8\v1.32\sources\common\ftmul.c estimated size: 374

../src/main.c
		_main          		CODE           	0604	0000	588

../src/main.c estimated size: 588

C:\Program Files\Microchip\xc8\v1.32\sources\pic18\plib\USART\uopen.c
		_OpenUSART     		CODE           	1688	0000	130

C:\Program Files\Microchip\xc8\v1.32\sources\pic18\plib\USART\uopen.c estimated size: 130

C:\Program Files\Microchip\xc8\v1.32\sources\common\ftdiv.c
		___ftdiv       		CODE           	0F66	0000	262

C:\Program Files\Microchip\xc8\v1.32\sources\common\ftdiv.c estimated size: 262

C:\Program Files\Microchip\xc8\v1.32\sources\pic18\plib\Timers\t1open.c
		_OpenTimer1    		CODE           	1C50	0000	50

C:\Program Files\Microchip\xc8\v1.32\sources\pic18\plib\Timers\t1open.c estimated size: 50

../src/uart_thread.c
		_uart_lthread  		CODE           	170A	0000	122

../src/uart_thread.c estimated size: 122

C:\Program Files\Microchip\xc8\v1.32\sources\pic18\plib\USART\uread.c
		_ReadUSART     		CODE           	1E56	0000	30

C:\Program Files\Microchip\xc8\v1.32\sources\pic18\plib\USART\uread.c estimated size: 30

../src/init_debug.c
		_init_debug    		CODE           	1E9A	0000	18

../src/init_debug.c estimated size: 18

