Microchip MPLAB XC8 Compiler V1.32 ()

Linker command line:

--edf=C:\Program Files\Microchip\xc8\v1.32\dat\en_msgs.txt -cs \
  -h+dist/UseXC8/production\PIC_Framework_3.X.production.sym \
  --cmf=dist/UseXC8/production\PIC_Framework_3.X.production.cmf -z \
  -Q18F46J50 -oC:\Users\ECE4534\AppData\Local\Temp\s31k.6 \
  -Mdist/UseXC8/production/PIC_Framework_3.X.production.map -E1 -ver=XC8 \
  -ASTACK=0236h-09ffh -pstack=STACK -ACODE=00h-0FFF7h -ACONST=00h-0FFF7h \
  -ASMALLCONST=0F00h-0FFFhx240,0FF00h-0FFF7h -AMEDIUMCONST=0F00h-0FFF7h \
  -ACOMRAM=01h-05Fh -AABS1=00h-0EBFh -ABIGRAM=01h-0EBFh \
  -ARAM=060h-0FFh,0100h-01FFhx13,0E00h-0EBFh -ABANK0=060h-0FFh \
  -ABANK1=0100h-01FFh -ABANK2=0200h-02FFh -ABANK3=0300h-03FFh \
  -ABANK4=0400h-04FFh -ABANK5=0500h-05FFh -ABANK6=0600h-06FFh \
  -ABANK7=0700h-07FFh -ABANK8=0800h-08FFh -ABANK9=0900h-09FFh \
  -ABANK10=0A00h-0AFFh -ABANK11=0B00h-0BFFh -ABANK12=0C00h-0CFFh \
  -ABANK13=0D00h-0DFFh -ABANK14=0E00h-0EBFh \
  -ASFR=0EC0h-0EFFh,0F00h-0F5Fh,0F60h-0FFFh \
  -preset_vec=00h,intcode=08h,intcodelo=018h,powerup,init,end_init \
  -pramtop=0F00h -psmallconst=SMALLCONST -pmediumconst=MEDIUMCONST \
  -pconst=CONST -AFARRAM=00h-00h -ACONFIG=0FFF8h-0FFFFh -pconfig=CONFIG \
  -pjflash_buffer=0F800h \
  -prdata=COMRAM,nvrram=COMRAM,nvbit=COMRAM,rbss=COMRAM,rbit=COMRAM \
  -pfarbss=FARRAM,fardata=FARRAM,nvFARRAM=FARRAM \
  -pintsave_regs=BIGRAM,bigbss=BIGRAM,bigdata=BIGRAM -pbss=RAM \
  -pidata=CODE,irdata=CODE,ibigdata=CODE,ifardata=CODE \
  C:\Users\ECE4534\AppData\Local\Temp\s31k.obj \
  dist/UseXC8/production\PIC_Framework_3.X.production.obj 

Object code version is 3.11

Machine type is 18F46J50

Call graph: (short form)




                Name                               Link     Load   Length Selector   Space Scale
C:\Users\ECE4534\AppData\Local\Temp\s31k.obj
                end_init                             B6       B6        4        C       0
                reset_vec                             0        0        4        0       0
                config                             FFF8     FFF8        8     FFF8       0
dist/UseXC8/production\PIC_Framework_3.X.production.obj
                intcodelo                            18       18       9E        C       0
                intcode                               8        8       10        4       0
                text58                             21F6     21F6        6        C       0
                text57                             2076     2076       2E        C       0
                text56                             21D0     21D0       10        C       0
                text55                             1E04     1E04       3E        C       0
                text54                             1BD6     1BD6       5E        C       0
                text53                             1310     1310      10A        C       0
                text52                              62E      62E      280        C       0
                text51                              F7C      F7C      158        C       0
                text50                              CA2      CA2      176        C       0
                text49                              B26      B26      17C        C       0
                text48                             2048     2048       2E        C       0
                text47                             1D36     1D36       50        C       0
                text46                             160A     160A       E8        C       0
                text45                             201A     201A       2E        C       0
                text44                             16F2     16F2       C6        C       0
                text43                               BA       BA      574        C       0
                text42                             11F2     11F2      11E        C       0
                text41                             1F26     1F26       34        C       0
                text40                             21AE     21AE       12        C       0
                text39                             19E0     19E0       6E        C       0
                intcode_body                        E18      E18      164        C       0
                text37                             219C     219C       12        C       0
                text36                             1D86     1D86       40        C       0
                text35                             17B8     17B8       AA        C       0
                text34                             20F2     20F2       24        C       0
                text33                             218A     218A       12        C       0
                text32                             1FEC     1FEC       2E        C       0
                text31                             2134     2134       1E        C       0
                text30                             1862     1862       94        C       0
                text28                             1970     1970       70        C       0
                text27                             20CC     20CC       26        C       0
                text26                             1E7E     1E7E       3C        C       0
                text25                             1CE6     1CE6       50        C       0
                text24                             10D4     10D4      11E        C       0
                text23                             1EF0     1EF0       36        C       0
                text22                             1EBA     1EBA       36        C       0
                text21                             2152     2152       14        C       0
                text20                             1F8C     1F8C       32        C       0
                text19                             21C0     21C0       10        C       0
                text18                             1DC6     1DC6       3E        C       0
                text17                             1E42     1E42       3C        C       0
                text16                             1C34     1C34       5C        C       0
                text15                             21EE     21EE        8        C       0
                text14                             20A4     20A4       28        C       0
                text13                             2178     2178       12        C       0
                text12                             1A4E     1A4E       66        C       0
                text11                             1AB4     1AB4       64        C       0
                text10                             1C90     1C90       56        C       0
                text9                              2166     2166       12        C       0
                text8                              2116     2116       1E        C       0
                text7                              141A     141A      104        C       0
                text6                              21E0     21E0        E        C       0
                text5                              151E     151E       EC        C       0
                text4                              1FBE     1FBE       2E        C       0
                text3                              1B18     1B18       60        C       0
                text2                              1B78     1B78       5E        C       0
                text1                              18F6     18F6       7A        C       0
                text0                               8AE      8AE      278        C       0
                cstackCOMRAM                          1        1       2E        1       1
                cstackBANK0                          60       60       58       60       1
                cstackBANK1                         16C      16C       5D      100       1
                bssBANK2                            200      200       36      200       1
                bssBANK1                            100      100       6C      100       1
                bssBANK0                             B8       B8       36       60       1
                bssCOMRAM                            31       31        2        1       1
                cinit                              1F5A     1F5A       32        C       0
                nvBANK1                             1C9      1C9        2      100       1
                nvCOMRAM                             2F       2F        2        1       1

TOTAL           Name                               Link     Load   Length     Space
        CLASS   STACK          

        CLASS   CODE           
                end_init                             B6       B6        4         0
                intcodelo                            18       18       9E         0
                intcode                               8        8       10         0
                reset_vec                             0        0        4         0
                text58                             21F6     21F6        6         0
                text57                             2076     2076       2E         0
                text56                             21D0     21D0       10         0
                text55                             1E04     1E04       3E         0
                text54                             1BD6     1BD6       5E         0
                text53                             1310     1310      10A         0
                text52                              62E      62E      280         0
                text51                              F7C      F7C      158         0
                text50                              CA2      CA2      176         0
                text49                              B26      B26      17C         0
                text48                             2048     2048       2E         0
                text47                             1D36     1D36       50         0
                text46                             160A     160A       E8         0
                text45                             201A     201A       2E         0
                text44                             16F2     16F2       C6         0
                text43                               BA       BA      574         0
                text42                             11F2     11F2      11E         0
                text41                             1F26     1F26       34         0
                text40                             21AE     21AE       12         0
                text39                             19E0     19E0       6E         0
                intcode_body                        E18      E18      164         0
                text37                             219C     219C       12         0
                text36                             1D86     1D86       40         0
                text35                             17B8     17B8       AA         0
                text34                             20F2     20F2       24         0
                text33                             218A     218A       12         0
                text32                             1FEC     1FEC       2E         0
                text31                             2134     2134       1E         0
                text30                             1862     1862       94         0
                text28                             1970     1970       70         0
                text27                             20CC     20CC       26         0
                text26                             1E7E     1E7E       3C         0
                text25                             1CE6     1CE6       50         0
                text24                             10D4     10D4      11E         0
                text23                             1EF0     1EF0       36         0
                text22                             1EBA     1EBA       36         0
                text21                             2152     2152       14         0
                text20                             1F8C     1F8C       32         0
                text19                             21C0     21C0       10         0
                text18                             1DC6     1DC6       3E         0
                text17                             1E42     1E42       3C         0
                text16                             1C34     1C34       5C         0
                text15                             21EE     21EE        8         0
                text14                             20A4     20A4       28         0
                text13                             2178     2178       12         0
                text12                             1A4E     1A4E       66         0
                text11                             1AB4     1AB4       64         0
                text10                             1C90     1C90       56         0
                text9                              2166     2166       12         0
                text8                              2116     2116       1E         0
                text7                              141A     141A      104         0
                text6                              21E0     21E0        E         0
                text5                              151E     151E       EC         0
                text4                              1FBE     1FBE       2E         0
                text3                              1B18     1B18       60         0
                text2                              1B78     1B78       5E         0
                text1                              18F6     18F6       7A         0
                text0                               8AE      8AE      278         0
                cinit                              1F5A     1F5A       32         0

        CLASS   CONST          

        CLASS   SMALLCONST     

        CLASS   MEDIUMCONST    

        CLASS   COMRAM         
                cstackCOMRAM                          1        1       2E         1
                bssCOMRAM                            31       31        2         1
                nvCOMRAM                             2F       2F        2         1

        CLASS   ABS1           

        CLASS   BIGRAM         

        CLASS   RAM            

        CLASS   BANK0          
                cstackBANK0                          60       60       58         1
                bssBANK0                             B8       B8       36         1

        CLASS   BANK1          
                cstackBANK1                         16C      16C       5D         1
                bssBANK1                            100      100       6C         1
                nvBANK1                             1C9      1C9        2         1

        CLASS   BANK2          
                bssBANK2                            200      200       36         1

        CLASS   BANK3          

        CLASS   BANK4          

        CLASS   BANK5          

        CLASS   BANK6          

        CLASS   BANK7          

        CLASS   BANK8          

        CLASS   BANK9          

        CLASS   BANK10         

        CLASS   BANK11         

        CLASS   BANK12         

        CLASS   BANK13         

        CLASS   BANK14         

        CLASS   SFR            

        CLASS   FARRAM         

        CLASS   CONFIG         
                config                             FFF8     FFF8        8         0

        CLASS   IDLOC          



SEGMENTS        Name                           Load    Length   Top    Selector   Space  Class

                reset_vec                      000000  000004  000004         0       0  CODE    
                cstackCOMRAM                   000001  000032  000033         1       1  COMRAM  
                intcode                        000008  000010  000018         4       0  CODE    
                intcodelo                      000018  0021E4  0021FC         C       0  CODE    
                cstackBANK0                    000060  00008E  0000EE        60       1  BANK0   
                bssBANK1                       000100  0000CB  0001CB       100       1  BANK1   
                bssBANK2                       000200  000036  000236       200       1  BANK2   
                config                         00FFF8  000008  010000      FFF8       0  CONFIG  


UNUSED ADDRESS RANGES

        Name                Unused          Largest block    Delta
        BANK0            000EE-000FF              12
        BANK1            001CB-001FF              35
        BANK10           00A00-00AFF             100
        BANK11           00B00-00BFF             100
        BANK12           00C00-00CFF             100
        BANK13           00D00-00DFF             100
        BANK14           00E00-00EBF              C0
        BANK2            00236-002FF              CA
        BANK3            00300-003FF             100
        BANK4            00400-004FF             100
        BANK5            00500-005FF             100
        BANK6            00600-006FF             100
        BANK7            00700-007FF             100
        BANK8            00800-008FF             100
        BANK9            00900-009FF             100
        BIGRAM           00033-0005F              2D
                         000EE-000FF              12
                         001CB-001FF              35
                         00236-00EBF             C8A
        CODE             00004-00007               4
                         021FC-0FFF7            DDFC
        COMRAM           00033-0005F              2D
        CONST            00004-00007               4
                         021FC-0FFF7            DDFC
        MEDIUMCONST      021FC-0FFF7            DDFC
        RAM              000EE-000FF              12
                         001CB-001FF              35
                         00236-00EBF             100
        SFR              00EC0-00FFF              60
        SMALLCONST       021FC-0FFF7             100
        STACK            00236-009FF             7CA

                                  Symbol Table

?_ReadTimer1                    cstackCOMRAM  00001
?___ftadd                       cstackBANK0   0006B
?___ftdiv                       cstackBANK0   00077
?___ftmul                       cstackBANK0   00086
?___ftpack                      cstackBANK0   00060
?___fttol                       cstackBANK0   00095
?___lwmod                       cstackBANK1   0016C
?___lwtoft                      cstackBANK0   00068
?_in_high_int                   cstackBANK1   0016C
?_in_low_int                    cstackBANK1   0016E
?_in_main                       cstackBANK1   00170
?i2_in_high_int                 cstackBANK0   00060
?i2_in_low_int                  cstackBANK0   00062
Delay1KTCYx@unit                cstackBANK1   0016C
FromMainHigh_recvmsg@data       cstackBANK0   0007A
FromMainHigh_recvmsg@maxlength  cstackCOMRAM  0002E
FromMainHigh_recvmsg@msgtype    cstackBANK0   00078
FromMainHigh_sendmsg@data       cstackBANK1   00183
FromMainHigh_sendmsg@length     cstackBANK1   00185
FromMainHigh_sendmsg@msgtype    cstackBANK1   00182
InterruptHandlerHigh@a_d_result cstackBANK0   000B6
Open1USART@config               cstackBANK1   00171
Open1USART@spbrg                cstackBANK1   0016C
OpenTimer0@config               cstackBANK1   0016C
OpenTimer1@config               cstackBANK1   0016E
OpenTimer1@config1              cstackBANK1   0016C
Read1USART@data                 cstackCOMRAM  00001
ReadTimer1@timer                cstackCOMRAM  00003
ToMainHigh_recvmsg@data         cstackBANK1   00186
ToMainHigh_recvmsg@maxlength    cstackBANK1   00188
ToMainHigh_recvmsg@msgtype      cstackBANK1   00184
ToMainHigh_sendmsg@data         cstackBANK0   00076
ToMainHigh_sendmsg@length       cstackBANK0   00078
ToMainHigh_sendmsg@msgtype      cstackBANK0   00075
ToMainLow_recvmsg@data          cstackBANK1   00186
ToMainLow_recvmsg@maxlength     cstackBANK1   00188
ToMainLow_recvmsg@msgtype       cstackBANK1   00184
ToMainLow_sendmsg@data          cstackCOMRAM  00018
ToMainLow_sendmsg@length        cstackCOMRAM  0001A
ToMainLow_sendmsg@msgtype       cstackCOMRAM  00017
WriteTimer0@timer               cstackBANK0   00062
WriteTimer0@timer0              cstackBANK0   00060
WriteTimer1@timer               cstackCOMRAM  00003
WriteTimer1@timer1              cstackCOMRAM  00001
_ADCON0bits                     (abs)         00FC2
_ADCON1bits                     (abs)         00FC1
_ADRESH                         (abs)         00FC4
_ADRESL                         (abs)         00FC3
_ANCON0bits                     (abs)         00F48
_Delay1KTCYx                    text21        02152
_FromMainHigh_MQ                bssBANK2      00200
_FromMainHigh_recvmsg           text41        01F26
_FromMainHigh_sendmsg           text4         01FBE
_FromMainLow_MQ                 bssBANK1      00100
_INTCONbits                     (abs)         00FF2
_IPR1bits                       (abs)         00F9F
_InterruptHandlerHigh           intcode       00008
_InterruptHandlerLow            intcodelo     00018
_LATB                           (abs)         00F8A
_MQ_Main_Willing_to_block       bssCOMRAM     00031
_OSCCON                         (abs)         00FD3
_OSCCONbits                     (abs)         00FD3
_OSCTUNEbits                    (abs)         00F9B
_Open1USART                     text28        01970
_OpenTimer0                     text27        020CC
_OpenTimer1                     text26        01E7E
_PIE1bits                       (abs)         00F9D
_PIR1bits                       (abs)         00F9E
_PORTBbits                      (abs)         00F81
_PORTDbits                      (abs)         00F83
_RCONbits                       (abs)         00FD0
_RCREG1                         (abs)         00FAF
_RCSTA1                         (abs)         00FAC
_RCSTA1bits                     (abs)         00FAC
_RCSTAbits                      (abs)         00FAC
_Read1USART                     text31        02134
_ReadTimer1                     text37        0219C
_SPBRG1                         (abs)         00FB0
_SPBRGH1                        (abs)         00F7F
_SSPADD                         (abs)         00FC8
_SSPBUF                         (abs)         00FC9
_SSPCON1                        (abs)         00FC6
_SSPCON1bits                    (abs)         00FC6
_SSPCON2                        (abs)         00FC5
_SSPCON2bits                    (abs)         00FC5
_SSPSTAT                        (abs)         00FC7
_SSPSTATbits                    (abs)         00FC7
_SleepIfOkay                    text54        01BD6
_T0CON                          (abs)         00FD5
_T0CONbits                      (abs)         00FD5
_T1CON                          (abs)         00FCD
_T1CONbits                      (abs)         00FCD
_T1GCON                         (abs)         00F9A
_T1GCONbits                     (abs)         00F9A
_TMR0H                          (abs)         00FD7
_TMR0L                          (abs)         00FD6
_TMR1H                          (abs)         00FCF
_TMR1L                          (abs)         00FCE
_TRISAbits                      (abs)         00F92
_TRISB                          (abs)         00F93
_TRISBbits                      (abs)         00F93
_TRISDbits                      (abs)         00F95
_TXSTA1                         (abs)         00FAD
_TXSTA1bits                     (abs)         00FAD
_ToMainHigh_MQ                  bssBANK0      000B8
_ToMainHigh_recvmsg             text23        01EF0
_ToMainHigh_sendmsg             text45        0201A
_ToMainLow_MQ                   bssBANK1      00136
_ToMainLow_recvmsg              text22        01EBA
_ToMainLow_sendmsg              text34        020F2
_USART1_Status                  bssCOMRAM     00032
_WriteTimer0                    text40        021AE
_WriteTimer1                    text33        0218A
__CFG_CP0$OFF                   (abs)         00000
__CFG_CPUDIV$OSC1               (abs)         00000
__CFG_DSBOREN$OFF               (abs)         00000
__CFG_DSWDTEN$OFF               (abs)         00000
__CFG_DSWDTOSC$T1OSCREF         (abs)         00000
__CFG_DSWDTPS$G2                (abs)         00000
__CFG_FCMEN$OFF                 (abs)         00000
__CFG_IESO$ON                   (abs)         00000
__CFG_IOL1WAY$ON                (abs)         00000
__CFG_LPT1OSC$OFF               (abs)         00000
__CFG_MSSP7B_EN$MSK7            (abs)         00000
__CFG_OSC$HSPLL                 (abs)         00000
__CFG_PLLDIV$3                  (abs)         00000
__CFG_RTCOSC$T1OSCREF           (abs)         00000
__CFG_STVREN$OFF                (abs)         00000
__CFG_T1DIG$OFF                 (abs)         00000
__CFG_WDTEN$OFF                 (abs)         00000
__CFG_WDTPS$32768               (abs)         00000
__CFG_WPCFG$OFF                 (abs)         00000
__CFG_WPDIS$OFF                 (abs)         00000
__CFG_WPEND$PAGE_WPFP           (abs)         00000
__CFG_WPFP$PAGE_63              (abs)         00000
__CFG_XINST$OFF                 (abs)         00000
__HRAM                          (abs)         00000
__Habs1                         abs1          00000
__Hbank0                        bank0         00000
__Hbank1                        bank1         00000
__Hbank10                       bank10        00000
__Hbank11                       bank11        00000
__Hbank12                       bank12        00000
__Hbank13                       bank13        00000
__Hbank14                       bank14        00000
__Hbank2                        bank2         00000
__Hbank3                        bank3         00000
__Hbank4                        bank4         00000
__Hbank5                        bank5         00000
__Hbank6                        bank6         00000
__Hbank7                        bank7         00000
__Hbank8                        bank8         00000
__Hbank9                        bank9         00000
__Hbigbss                       bigbss        00000
__Hbigdata                      bigdata       00000
__Hbigram                       bigram        00000
__Hbss                          bss           00000
__HbssBANK0                     bssBANK0      00000
__HbssBANK1                     bssBANK1      00000
__HbssBANK2                     bssBANK2      00000
__HbssCOMRAM                    bssCOMRAM     00000
__Hcinit                        cinit         00000
__Hclrtext                      clrtext       00000
__Hcomram                       comram        00000
__Hconfig                       config        10000
__Hconst                        const         00000
__HcstackBANK0                  cstackBANK0   00000
__HcstackBANK1                  cstackBANK1   00000
__HcstackCOMRAM                 cstackCOMRAM  00000
__Hdata                         data          00000
__Hend_init                     end_init      000BA
__Hfarbss                       farbss        00000
__Hfardata                      fardata       00000
__Hibigdata                     ibigdata      00000
__Hidata                        idata         00000
__Hidloc                        idloc         00000
__Hifardata                     ifardata      00000
__Hinit                         init          000B6
__Hintcode                      intcode       00018
__Hintcode_body                 intcode_body  00000
__Hintcodelo                    intcodelo     000B6
__Hintentry                     intentry      00000
__Hintret                       intret        00000
__Hintsave_regs                 intsave_regs  00000
__Hirdata                       irdata        00000
__Hjflash_buffer                jflash_buffer 0F800
__Hmediumconst                  mediumconst   00000
__HnvBANK1                      nvBANK1       00000
__HnvCOMRAM                     nvCOMRAM      00000
__HnvFARRAM                     nvFARRAM      00000
__Hnvbit                        nvbit         00000
__Hnvrram                       nvrram        00000
__Hparam                        rparam        00000
__Hpowerup                      powerup       000B6
__Hram                          ram           00000
__Hramtop                       ramtop        00F00
__Hrbit                         rbit          00000
__Hrbss                         rbss          00000
__Hrdata                        rdata         00000
__Hreset_vec                    reset_vec     00004
__Hrparam                       rparam        00000
__Hsfr                          sfr           00000
__Hsmallconst                   smallconst    00000
__Hspace_0                      (abs)         10000
__Hspace_1                      (abs)         00236
__Hspace_2                      (abs)         00000
__Hstack                        stack         00000
__Hstruct                       struct        00000
__Htemp                         temp          00000
__Htext                         text          00000
__Htext0                        text0         00000
__Htext1                        text1         00000
__Htext10                       text10        00000
__Htext11                       text11        00000
__Htext12                       text12        00000
__Htext13                       text13        00000
__Htext14                       text14        00000
__Htext15                       text15        00000
__Htext16                       text16        00000
__Htext17                       text17        00000
__Htext18                       text18        00000
__Htext19                       text19        00000
__Htext2                        text2         00000
__Htext20                       text20        00000
__Htext21                       text21        00000
__Htext22                       text22        00000
__Htext23                       text23        00000
__Htext24                       text24        00000
__Htext25                       text25        00000
__Htext26                       text26        00000
__Htext27                       text27        00000
__Htext28                       text28        00000
__Htext3                        text3         00000
__Htext30                       text30        00000
__Htext31                       text31        00000
__Htext32                       text32        00000
__Htext33                       text33        00000
__Htext34                       text34        00000
__Htext35                       text35        00000
__Htext36                       text36        00000
__Htext37                       text37        00000
__Htext39                       text39        00000
__Htext4                        text4         00000
__Htext40                       text40        00000
__Htext41                       text41        00000
__Htext42                       text42        00000
__Htext43                       text43        00000
__Htext44                       text44        00000
__Htext45                       text45        00000
__Htext46                       text46        00000
__Htext47                       text47        00000
__Htext48                       text48        00000
__Htext49                       text49        00000
__Htext5                        text5         00000
__Htext50                       text50        00000
__Htext51                       text51        00000
__Htext52                       text52        00000
__Htext53                       text53        00000
__Htext54                       text54        00000
__Htext55                       text55        00000
__Htext56                       text56        00000
__Htext57                       text57        00000
__Htext58                       text58        00000
__Htext6                        text6         00000
__Htext7                        text7         00000
__Htext8                        text8         00000
__Htext9                        text9         00000
__LRAM                          (abs)         00001
__Labs1                         abs1          00000
__Lbank0                        bank0         00000
__Lbank1                        bank1         00000
__Lbank10                       bank10        00000
__Lbank11                       bank11        00000
__Lbank12                       bank12        00000
__Lbank13                       bank13        00000
__Lbank14                       bank14        00000
__Lbank2                        bank2         00000
__Lbank3                        bank3         00000
__Lbank4                        bank4         00000
__Lbank5                        bank5         00000
__Lbank6                        bank6         00000
__Lbank7                        bank7         00000
__Lbank8                        bank8         00000
__Lbank9                        bank9         00000
__Lbigbss                       bigbss        00000
__Lbigdata                      bigdata       00000
__Lbigram                       bigram        00000
__Lbss                          bss           00000
__LbssBANK0                     bssBANK0      00000
__LbssBANK1                     bssBANK1      00000
__LbssBANK2                     bssBANK2      00000
__LbssCOMRAM                    bssCOMRAM     00000
__Lcinit                        cinit         00000
__Lclrtext                      clrtext       00000
__Lcomram                       comram        00000
__Lconfig                       config        0FFF8
__Lconst                        const         00000
__LcstackBANK0                  cstackBANK0   00000
__LcstackBANK1                  cstackBANK1   00000
__LcstackCOMRAM                 cstackCOMRAM  00000
__Ldata                         data          00000
__Lend_init                     end_init      000B6
__Lfarbss                       farbss        00000
__Lfardata                      fardata       00000
__Libigdata                     ibigdata      00000
__Lidata                        idata         00000
__Lidloc                        idloc         00000
__Lifardata                     ifardata      00000
__Linit                         init          000B6
__Lintcode                      intcode       00008
__Lintcode_body                 intcode_body  00000
__Lintcodelo                    intcodelo     00018
__Lintentry                     intentry      00000
__Lintret                       intret        00000
__Lintsave_regs                 intsave_regs  00000
__Lirdata                       irdata        00000
__Ljflash_buffer                jflash_buffer 0F800
__Lmediumconst                  mediumconst   00000
__LnvBANK1                      nvBANK1       00000
__LnvCOMRAM                     nvCOMRAM      00000
__LnvFARRAM                     nvFARRAM      00000
__Lnvbit                        nvbit         00000
__Lnvrram                       nvrram        00000
__Lparam                        rparam        00000
__Lpowerup                      powerup       000B6
__Lram                          ram           00000
__Lramtop                       ramtop        00F00
__Lrbit                         rbit          00000
__Lrbss                         rbss          00000
__Lrdata                        rdata         00000
__Lreset_vec                    reset_vec     00000
__Lrparam                       rparam        00000
__Lsfr                          sfr           00000
__Lsmallconst                   smallconst    00000
__Lspace_0                      (abs)         00000
__Lspace_1                      (abs)         00000
__Lspace_2                      (abs)         00000
__Lstack                        stack         00000
__Lstruct                       struct        00000
__Ltemp                         temp          00000
__Ltext                         text          00000
__Ltext0                        text0         00000
__Ltext1                        text1         00000
__Ltext10                       text10        00000
__Ltext11                       text11        00000
__Ltext12                       text12        00000
__Ltext13                       text13        00000
__Ltext14                       text14        00000
__Ltext15                       text15        00000
__Ltext16                       text16        00000
__Ltext17                       text17        00000
__Ltext18                       text18        00000
__Ltext19                       text19        00000
__Ltext2                        text2         00000
__Ltext20                       text20        00000
__Ltext21                       text21        00000
__Ltext22                       text22        00000
__Ltext23                       text23        00000
__Ltext24                       text24        00000
__Ltext25                       text25        00000
__Ltext26                       text26        00000
__Ltext27                       text27        00000
__Ltext28                       text28        00000
__Ltext3                        text3         00000
__Ltext30                       text30        00000
__Ltext31                       text31        00000
__Ltext32                       text32        00000
__Ltext33                       text33        00000
__Ltext34                       text34        00000
__Ltext35                       text35        00000
__Ltext36                       text36        00000
__Ltext37                       text37        00000
__Ltext39                       text39        00000
__Ltext4                        text4         00000
__Ltext40                       text40        00000
__Ltext41                       text41        00000
__Ltext42                       text42        00000
__Ltext43                       text43        00000
__Ltext44                       text44        00000
__Ltext45                       text45        00000
__Ltext46                       text46        00000
__Ltext47                       text47        00000
__Ltext48                       text48        00000
__Ltext49                       text49        00000
__Ltext5                        text5         00000
__Ltext50                       text50        00000
__Ltext51                       text51        00000
__Ltext52                       text52        00000
__Ltext53                       text53        00000
__Ltext54                       text54        00000
__Ltext55                       text55        00000
__Ltext56                       text56        00000
__Ltext57                       text57        00000
__Ltext58                       text58        00000
__Ltext6                        text6         00000
__Ltext7                        text7         00000
__Ltext8                        text8         00000
__Ltext9                        text9         00000
__S0                            (abs)         10000
__S1                            (abs)         00236
__S2                            (abs)         00000
___ftadd                        text52        0062E
___ftadd@exp1                   cstackBANK0   00076
___ftadd@exp2                   cstackBANK0   00075
___ftadd@f1                     cstackBANK0   0006B
___ftadd@f2                     cstackBANK0   0006E
___ftadd@sign                   cstackBANK0   00074
___ftdiv                        text51        00F7C
___ftdiv@cntr                   cstackBANK0   00080
___ftdiv@exp                    cstackBANK0   00084
___ftdiv@f1                     cstackBANK0   00077
___ftdiv@f2                     cstackBANK0   0007A
___ftdiv@f3                     cstackBANK0   00081
___ftdiv@sign                   cstackBANK0   00085
___ftmul                        text50        00CA2
___ftmul@cntr                   cstackBANK0   00093
___ftmul@exp                    cstackBANK0   0008F
___ftmul@f1                     cstackBANK0   00086
___ftmul@f2                     cstackBANK0   00089
___ftmul@f3_as_product          cstackBANK0   00090
___ftmul@sign                   cstackBANK0   00094
___ftpack                       text53        01310
___ftpack@arg                   cstackBANK0   00060
___ftpack@exp                   cstackBANK0   00063
___ftpack@sign                  cstackBANK0   00064
___fttol                        text49        00B26
___fttol@exp1                   cstackBANK0   000A3
___fttol@f1                     cstackBANK0   00095
___fttol@lval                   cstackBANK0   0009F
___fttol@sign1                  cstackBANK0   0009E
___inthi_sp                     stack         00000
___intlo_sp                     stack         00000
___lwmod                        text3         01B18
___lwmod@counter                cstackBANK1   00170
___lwmod@dividend               cstackBANK1   0016C
___lwmod@divisor                cstackBANK1   0016E
___lwtoft                       text48        02048
___lwtoft@c                     cstackBANK0   00068
___sp                           stack         00000
__accesstop                     (abs)         00060
__activetblptr                  (abs)         00002
__end_of_Delay1KTCYx            text21        02166
__end_of_FromMainHigh_recvmsg   text41        01F5A
__end_of_FromMainHigh_sendmsg   text4         01FEC
__end_of_InterruptHandlerHigh   intcode_body  00F7C
__end_of_InterruptHandlerLow    intcodelo     000B6
__end_of_Open1USART             text28        019E0
__end_of_OpenTimer0             text27        020F2
__end_of_OpenTimer1             text26        01EBA
__end_of_Read1USART             text31        02152
__end_of_ReadTimer1             text37        021AE
__end_of_SleepIfOkay            text54        01C34
__end_of_ToMainHigh_recvmsg     text23        01F26
__end_of_ToMainHigh_sendmsg     text45        02048
__end_of_ToMainLow_recvmsg      text22        01EF0
__end_of_ToMainLow_sendmsg      text34        02116
__end_of_WriteTimer0            text40        021C0
__end_of_WriteTimer1            text33        0219C
__end_of___ftadd                text52        008AE
__end_of___ftdiv                text51        010D4
__end_of___ftmul                text50        00E18
__end_of___ftpack               text53        0141A
__end_of___fttol                text49        00CA2
__end_of___lwmod                text3         01B78
__end_of___lwtoft               text48        02076
__end_of__initialization        cinit         01F82
__end_of_block_on_To_msgqueues  text16        01C90
__end_of_check_msg              text20        01FBE
__end_of_enable_interrupts      text15        021F6
__end_of_enter_sleep_mode       text58        021FC
__end_of_handle_start           text44        017B8
__end_of_i2c_configure_slave    text14        020CC
__end_of_i2c_int_handler        text43        0062E
__end_of_in_high_int            text19        021D0
__end_of_in_low_int             text18        01E04
__end_of_in_main                text17        01E7E
__end_of_init_debug             text13        0218A
__end_of_init_i2c               text12        01AB4
__end_of_init_queue             text11        01B18
__end_of_init_queues            text10        01CE6
__end_of_init_timer1_lthread    text9         02178
__end_of_init_uart_recv         text8         02134
__end_of_main                   text0         00B26
__end_of_memcpy                 text25        01D36
__end_of_recv_msg               text24        011F2
__end_of_send_msg               text5         0160A
__end_of_start_i2c_slave_reply  text7         0151E
__end_of_timer0_int_handler     text39        01A4E
__end_of_timer0_lthread         text6         021EE
__end_of_timer1_int_handler     text32        0201A
__end_of_timer1_lthread         text2         01BD6
__end_of_uart_lthread           text1         01970
__end_of_uart_recv_int_handler  text30        018F6
__end_ofi1_memcpy               text36        01DC6
__end_ofi1_send_msg             text35        01862
__end_ofi2_check_msg            text57        020A4
__end_ofi2_in_high_int          text56        021E0
__end_ofi2_in_low_int           text55        01E42
__end_ofi2_memcpy               text47        01D86
__end_ofi2_recv_msg             text42        01310
__end_ofi2_send_msg             text46        016F2
__initialization                cinit         01F5A
__mediumconst                   mediumconst   00000
__pbssBANK0                     bssBANK0      000B8
__pbssBANK1                     bssBANK1      00100
__pbssBANK2                     bssBANK2      00200
__pbssCOMRAM                    bssCOMRAM     00031
__pcinit                        cinit         01F5A
__pcstackBANK0                  cstackBANK0   00060
__pcstackBANK1                  cstackBANK1   0016C
__pcstackCOMRAM                 cstackCOMRAM  00001
__pintcode                      intcode       00008
__pintcode_body                 intcode_body  00E18
__pintcodelo                    intcodelo     00018
__pnvBANK1                      nvBANK1       001C9
__pnvCOMRAM                     nvCOMRAM      0002F
__ptext0                        text0         008AE
__ptext1                        text1         018F6
__ptext10                       text10        01C90
__ptext11                       text11        01AB4
__ptext12                       text12        01A4E
__ptext13                       text13        02178
__ptext14                       text14        020A4
__ptext15                       text15        021EE
__ptext16                       text16        01C34
__ptext17                       text17        01E42
__ptext18                       text18        01DC6
__ptext19                       text19        021C0
__ptext2                        text2         01B78
__ptext20                       text20        01F8C
__ptext21                       text21        02152
__ptext22                       text22        01EBA
__ptext23                       text23        01EF0
__ptext24                       text24        010D4
__ptext25                       text25        01CE6
__ptext26                       text26        01E7E
__ptext27                       text27        020CC
__ptext28                       text28        01970
__ptext3                        text3         01B18
__ptext30                       text30        01862
__ptext31                       text31        02134
__ptext32                       text32        01FEC
__ptext33                       text33        0218A
__ptext34                       text34        020F2
__ptext35                       text35        017B8
__ptext36                       text36        01D86
__ptext37                       text37        0219C
__ptext39                       text39        019E0
__ptext4                        text4         01FBE
__ptext40                       text40        021AE
__ptext41                       text41        01F26
__ptext42                       text42        011F2
__ptext43                       text43        000BA
__ptext44                       text44        016F2
__ptext45                       text45        0201A
__ptext46                       text46        0160A
__ptext47                       text47        01D36
__ptext48                       text48        02048
__ptext49                       text49        00B26
__ptext5                        text5         0151E
__ptext50                       text50        00CA2
__ptext51                       text51        00F7C
__ptext52                       text52        0062E
__ptext53                       text53        01310
__ptext54                       text54        01BD6
__ptext55                       text55        01E04
__ptext56                       text56        021D0
__ptext57                       text57        02076
__ptext58                       text58        021F6
__ptext6                        text6         021E0
__ptext7                        text7         0141A
__ptext8                        text8         02116
__ptext9                        text9         02166
__ramtop                        ramtop        00F00
__size_of_Delay1KTCYx           (abs)         00000
__size_of_FromMainHigh_recvmsg  (abs)         00000
__size_of_FromMainHigh_sendmsg  (abs)         00000
__size_of_InterruptHandlerHigh  (abs)         00000
__size_of_InterruptHandlerLow   (abs)         00000
__size_of_Open1USART            (abs)         00000
__size_of_OpenTimer0            (abs)         00000
__size_of_OpenTimer1            (abs)         00000
__size_of_Read1USART            (abs)         00000
__size_of_ReadTimer1            (abs)         00000
__size_of_SleepIfOkay           (abs)         00000
__size_of_ToMainHigh_recvmsg    (abs)         00000
__size_of_ToMainHigh_sendmsg    (abs)         00000
__size_of_ToMainLow_recvmsg     (abs)         00000
__size_of_ToMainLow_sendmsg     (abs)         00000
__size_of_WriteTimer0           (abs)         00000
__size_of_WriteTimer1           (abs)         00000
__size_of___ftadd               (abs)         00000
__size_of___ftdiv               (abs)         00000
__size_of___ftmul               (abs)         00000
__size_of___ftpack              (abs)         00000
__size_of___fttol               (abs)         00000
__size_of___lwmod               (abs)         00000
__size_of___lwtoft              (abs)         00000
__size_of_block_on_To_msgqueues (abs)         00000
__size_of_check_msg             (abs)         00000
__size_of_enable_interrupts     (abs)         00000
__size_of_enter_sleep_mode      (abs)         00000
__size_of_handle_start          (abs)         00000
__size_of_i2c_configure_slave   (abs)         00000
__size_of_i2c_int_handler       (abs)         00000
__size_of_in_high_int           (abs)         00000
__size_of_in_low_int            (abs)         00000
__size_of_in_main               (abs)         00000
__size_of_init_debug            (abs)         00000
__size_of_init_i2c              (abs)         00000
__size_of_init_queue            (abs)         00000
__size_of_init_queues           (abs)         00000
__size_of_init_timer1_lthread   (abs)         00000
__size_of_init_uart_recv        (abs)         00000
__size_of_main                  (abs)         00000
__size_of_memcpy                (abs)         00000
__size_of_recv_msg              (abs)         00000
__size_of_send_msg              (abs)         00000
__size_of_start_i2c_slave_reply (abs)         00000
__size_of_timer0_int_handler    (abs)         00000
__size_of_timer0_lthread        (abs)         00000
__size_of_timer1_int_handler    (abs)         00000
__size_of_timer1_lthread        (abs)         00000
__size_of_uart_lthread          (abs)         00000
__size_of_uart_recv_int_handler (abs)         00000
__size_ofi1_memcpy              (abs)         00000
__size_ofi1_send_msg            (abs)         00000
__size_ofi2_check_msg           (abs)         00000
__size_ofi2_in_high_int         (abs)         00000
__size_ofi2_in_low_int          (abs)         00000
__size_ofi2_memcpy              (abs)         00000
__size_ofi2_recv_msg            (abs)         00000
__size_ofi2_send_msg            (abs)         00000
__smallconst                    smallconst    00000
_block_on_To_msgqueues          text16        01C34
_check_msg                      text20        01F8C
_enable_interrupts              text15        021EE
_enter_sleep_mode               text58        021F6
_handle_start                   text44        016F2
_i2c_configure_slave            text14        020A4
_i2c_int_handler                text43        000BA
_ic_ptr                         nvBANK1       001C9
_in_high_int                    text19        021C0
_in_low_int                     text18        01DC6
_in_main                        text17        01E42
_init_debug                     text13        02178
_init_i2c                       text12        01A4E
_init_queue                     text11        01AB4
_init_queues                    text10        01C90
_init_timer1_lthread            text9         02166
_init_uart_recv                 text8         02116
_main                           text0         008AE
_memcpy                         text25        01CE6
_recv_msg                       text24        010D4
_send_msg                       text5         0151E
_start_i2c_slave_reply          text7         0141A
_timer0_int_handler             text39        019E0
_timer0_lthread                 text6         021E0
_timer1_int_handler             text32        01FEC
_timer1_lthread                 text2         01B78
_uart_lthread                   text1         018F6
_uart_recv_int_handler          text30        01862
_uc_ptr                         nvCOMRAM      0002F
check_msg@qptr                  cstackBANK1   0016C
end_of_initialization           cinit         01F82
handle_start@data_read          cstackCOMRAM  0002E
i1_memcpy                       text36        01D86
i1_send_msg                     text35        017B8
i1memcpy@d                      cstackCOMRAM  00007
i1memcpy@d1                     cstackCOMRAM  00001
i1memcpy@n                      cstackCOMRAM  00005
i1memcpy@s                      cstackCOMRAM  00009
i1memcpy@s1                     cstackCOMRAM  00003
i1send_msg@data                 cstackCOMRAM  0000F
i1send_msg@length               cstackCOMRAM  0000D
i1send_msg@msgtype              cstackCOMRAM  0000E
i1send_msg@qmsg                 cstackCOMRAM  00015
i1send_msg@qptr                 cstackCOMRAM  0000B
i1send_msg@slot                 cstackCOMRAM  00014
i1send_msg@tlength              cstackCOMRAM  00012
i2_check_msg                    text57        02076
i2_in_high_int                  text56        021D0
i2_in_low_int                   text55        01E04
i2_memcpy                       text47        01D36
i2_recv_msg                     text42        011F2
i2_send_msg                     text46        0160A
i2c_configure_slave@addr        cstackBANK1   0016C
i2c_int_handler@data_read       cstackBANK0   00082
i2c_int_handler@data_written    cstackBANK0   0007D
i2c_int_handler@error_buf       cstackBANK0   0007A
i2c_int_handler@i2c_data        cstackBANK0   0007F
i2c_int_handler@msg_ready       cstackBANK0   00081
i2c_int_handler@msg_to_send     cstackBANK0   00080
i2c_int_handler@overrun_error   cstackBANK0   0007E
i2check_msg@qptr                cstackBANK0   00060
i2memcpy@d                      cstackBANK0   00066
i2memcpy@d1                     cstackBANK0   00060
i2memcpy@n                      cstackBANK0   00064
i2memcpy@s                      cstackBANK0   00068
i2memcpy@s1                     cstackBANK0   00062
i2recv_msg@data                 cstackBANK0   0006F
i2recv_msg@maxlength            cstackBANK0   0006C
i2recv_msg@msgtype              cstackBANK0   0006D
i2recv_msg@qmsg                 cstackBANK0   00076
i2recv_msg@qptr                 cstackBANK0   0006A
i2recv_msg@slot                 cstackBANK0   00073
i2recv_msg@tlength              cstackBANK0   00074
i2send_msg@data                 cstackBANK0   0006E
i2send_msg@length               cstackBANK0   0006C
i2send_msg@msgtype              cstackBANK0   0006D
i2send_msg@qmsg                 cstackBANK0   00073
i2send_msg@qptr                 cstackBANK0   0006A
i2send_msg@slot                 cstackBANK0   00072
i2send_msg@tlength              cstackBANK0   00070
init_i2c@ic                     cstackBANK1   0016C
init_queue@i                    cstackBANK1   0016E
init_queue@qptr                 cstackBANK1   0016C
init_timer1_lthread@tptr        cstackBANK1   0016C
init_uart_recv@uc               cstackBANK1   0016C
int_func                        intcode_body  00E18
intlevel0                       text          00000
intlevel1                       text          00000
intlevel2                       text          00000
intlevel3                       text          00000
main@ic                         cstackBANK1   001AD
main@last_reg_recvd             cstackBANK1   0019E
main@length                     cstackBANK1   001AB
main@msgbuffer                  cstackBANK1   00191
main@msgtype                    cstackBANK1   001AC
main@queue_data                 cstackBANK1   0018F
main@t0thread_data              cstackBANK1   0019C
main@t1thread_data              cstackBANK1   0019F
main@uc                         cstackBANK1   001A1
main@uthread_data               cstackBANK1   001A6
memcpy@d                        cstackBANK1   00172
memcpy@d1                       cstackBANK1   0016C
memcpy@n                        cstackBANK1   00170
memcpy@s                        cstackBANK1   00174
memcpy@s1                       cstackBANK1   0016E
recv_msg@data                   cstackBANK1   0017B
recv_msg@maxlength              cstackBANK1   00178
recv_msg@msgtype                cstackBANK1   00179
recv_msg@qmsg                   cstackBANK1   00182
recv_msg@qptr                   cstackBANK1   00176
recv_msg@slot                   cstackBANK1   0017F
recv_msg@tlength                cstackBANK1   00180
send_msg@data                   cstackBANK1   0017A
send_msg@length                 cstackBANK1   00178
send_msg@msgtype                cstackBANK1   00179
send_msg@qmsg                   cstackBANK1   00180
send_msg@qptr                   cstackBANK1   00176
send_msg@slot                   cstackBANK1   0017F
send_msg@tlength                cstackBANK1   0017D
stackhi                         (abs)         009FF
stacklo                         (abs)         00236
start                           init          000B6
start_i2c_slave_reply@length    cstackBANK1   00170
start_i2c_slave_reply@msg       cstackBANK1   0016C
start_initialization            cinit         01F5A
timer0_int_handler@length       cstackBANK0   0007C
timer0_int_handler@msgtype      cstackBANK0   0007E
timer0_int_handler@val          cstackBANK0   00080
timer0_lthread@length           cstackBANK1   00170
timer0_lthread@msgbuffer        cstackBANK1   00172
timer0_lthread@msgtype          cstackBANK1   0016E
timer0_lthread@msgval           cstackBANK1   00174
timer0_lthread@tptr             cstackBANK1   0016C
timer1_int_handler@result       cstackCOMRAM  0001B
timer1_lthread@length           cstackBANK1   0018A
timer1_lthread@msgbuffer        cstackBANK1   0018C
timer1_lthread@msgtype          cstackBANK1   00188
timer1_lthread@retval           cstackBANK1   0018E
timer1_lthread@tptr             cstackBANK1   00186
uart_lthread@length             cstackBANK1   00170
uart_lthread@msgbuffer          cstackBANK1   00172
uart_lthread@msgtype            cstackBANK1   0016E
uart_lthread@uptr               cstackBANK1   0016C


FUNCTION INFORMATION:

 *************** function _main *****************
 Defined at:
		line 187 in file "../src/main.c"
 Parameters:    Size  Location     Type
		None
 Auto vars:     Size  Location     Type
  ic             28   65[BANK1 ] struct __i2c_comm
  msgbuffer      11   37[BANK1 ] unsigned char [11]
  uthread_data    5   58[BANK1 ] struct __uart_thread_str
  uc              5   53[BANK1 ] struct __uart_comm
  t1thread_dat    2   51[BANK1 ] struct __timer1_thread_s
  t0thread_dat    2   48[BANK1 ] struct __timer0_thread_s
  queue_data      2   35[BANK1 ] unsigned short 
  msgtype         1   64[BANK1 ] unsigned char 
  length          1   63[BANK1 ] char 
  last_reg_rec    1   50[BANK1 ] unsigned char 
  i               1    0        unsigned char 
  c               1    0        unsigned char 
 Return value:  Size  Location     Type
		None               void
 Registers used:
		wreg, fsr1l, fsr1h, fsr2l, fsr2h, status,2, status,0, prodl, prodh, cstack
 Tracked objects:
		On entry : 
		On exit  : 
		Unchanged: 
 Data sizes:     COMRAM   BANK0   BANK1   BANK2   BANK3   BANK4   BANK5   BANK6   BANK7   BANK8   BANK9  BANK10  BANK11  BANK12  BANK13  BANK14
      Params:         0       0       0       0       0       0       0       0       0       0       0       0       0       0       0       0
      Locals:         0       0      58       0       0       0       0       0       0       0       0       0       0       0       0       0
      Temps:          0       0       0       0       0       0       0       0       0       0       0       0       0       0       0       0
      Totals:         0       0      58       0       0       0       0       0       0       0       0       0       0       0       0       0
Total ram usage:       58 bytes
 Hardware stack levels required when called:   14
 This function calls:
		_Open1USART
		_OpenTimer0
		_OpenTimer1
		_ToMainHigh_recvmsg
		_ToMainLow_recvmsg
		_block_on_To_msgqueues
		_enable_interrupts
		_i2c_configure_slave
		_init_debug
		_init_i2c
		_init_queues
		_init_timer1_lthread
		_init_uart_recv
		_start_i2c_slave_reply
		_timer0_lthread
		_timer1_lthread
		_uart_lthread
 This function is called by:
		Startup code after reset
 This function uses a non-reentrant model


 *************** function _uart_lthread *****************
 Defined at:
		line 9 in file "../src/uart_thread.c"
 Parameters:    Size  Location     Type
  uptr            2    0[BANK1 ] PTR struct __uart_thread
		 -> main@uthread_data(5), 
  msgtype         2    2[BANK1 ] int 
  length          2    4[BANK1 ] int 
  msgbuffer       2    6[BANK1 ] PTR unsigned char 
		 -> main@msgbuffer(11), 
 Auto vars:     Size  Location     Type
		None
 Return value:  Size  Location     Type
                  2    0[BANK1 ] int 
 Registers used:
		wreg, fsr2l, fsr2h, status,2, status,0
 Tracked objects:
		On entry : 
		On exit  : 
		Unchanged: 
 Data sizes:     COMRAM   BANK0   BANK1   BANK2   BANK3   BANK4   BANK5   BANK6   BANK7   BANK8   BANK9  BANK10  BANK11  BANK12  BANK13  BANK14
      Params:         0       0       8       0       0       0       0       0       0       0       0       0       0       0       0       0
      Locals:         0       0       0       0       0       0       0       0       0       0       0       0       0       0       0       0
      Temps:          0       0       0       0       0       0       0       0       0       0       0       0       0       0       0       0
      Totals:         0       0       8       0       0       0       0       0       0       0       0       0       0       0       0       0
Total ram usage:        8 bytes
 Hardware stack levels used:    1
 Hardware stack levels required when called:   10
 This function calls:
		Nothing
 This function is called by:
		_main
 This function uses a non-reentrant model


 *************** function _timer1_lthread *****************
 Defined at:
		line 14 in file "../src/timer1_thread.c"
 Parameters:    Size  Location     Type
  tptr            2   26[BANK1 ] PTR struct __timer1_thre
		 -> main@t1thread_data(2), 
  msgtype         2   28[BANK1 ] int 
  length          2   30[BANK1 ] int 
  msgbuffer       2   32[BANK1 ] PTR unsigned char 
		 -> main@msgbuffer(11), 
 Auto vars:     Size  Location     Type
  retval          1   34[BANK1 ] char 
 Return value:  Size  Location     Type
                  2   26[BANK1 ] int 
 Registers used:
		wreg, fsr1l, fsr1h, fsr2l, fsr2h, status,2, status,0, prodl, prodh, cstack
 Tracked objects:
		On entry : 
		On exit  : 
		Unchanged: 
 Data sizes:     COMRAM   BANK0   BANK1   BANK2   BANK3   BANK4   BANK5   BANK6   BANK7   BANK8   BANK9  BANK10  BANK11  BANK12  BANK13  BANK14
      Params:         0       0       8       0       0       0       0       0       0       0       0       0       0       0       0       0
      Locals:         0       0       1       0       0       0       0       0       0       0       0       0       0       0       0       0
      Temps:          0       0       0       0       0       0       0       0       0       0       0       0       0       0       0       0
      Totals:         0       0       9       0       0       0       0       0       0       0       0       0       0       0       0       0
Total ram usage:        9 bytes
 Hardware stack levels used:    1
 Hardware stack levels required when called:   13
 This function calls:
		_FromMainHigh_sendmsg
		___lwmod
 This function is called by:
		_main
 This function uses a non-reentrant model


 *************** function ___lwmod *****************
 Defined at:
		line 8 in file "C:\Program Files\Microchip\xc8\v1.32\sources\common\lwmod.c"
 Parameters:    Size  Location     Type
  dividend        2    0[BANK1 ] unsigned int 
  divisor         2    2[BANK1 ] unsigned int 
 Auto vars:     Size  Location     Type
  counter         1    4[BANK1 ] unsigned char 
 Return value:  Size  Location     Type
                  2    0[BANK1 ] unsigned int 
 Registers used:
		wreg, status,2, status,0
 Tracked objects:
		On entry : 
		On exit  : 
		Unchanged: 
 Data sizes:     COMRAM   BANK0   BANK1   BANK2   BANK3   BANK4   BANK5   BANK6   BANK7   BANK8   BANK9  BANK10  BANK11  BANK12  BANK13  BANK14
      Params:         0       0       4       0       0       0       0       0       0       0       0       0       0       0       0       0
      Locals:         0       0       1       0       0       0       0       0       0       0       0       0       0       0       0       0
      Temps:          0       0       0       0       0       0       0       0       0       0       0       0       0       0       0       0
      Totals:         0       0       5       0       0       0       0       0       0       0       0       0       0       0       0       0
Total ram usage:        5 bytes
 Hardware stack levels used:    1
 Hardware stack levels required when called:   10
 This function calls:
		Nothing
 This function is called by:
		_timer1_lthread
 This function uses a non-reentrant model


 *************** function _FromMainHigh_sendmsg *****************
 Defined at:
		line 174 in file "../src/messages.c"
 Parameters:    Size  Location     Type
  length          1    wreg     unsigned char 
  msgtype         1   22[BANK1 ] unsigned char 
  data            2   23[BANK1 ] PTR void 
		 -> main@t1thread_data(2), 
 Auto vars:     Size  Location     Type
  length          1   25[BANK1 ] unsigned char 
 Return value:  Size  Location     Type
                  1    wreg      char 
 Registers used:
		wreg, fsr1l, fsr1h, fsr2l, fsr2h, status,2, status,0, prodl, prodh, cstack
 Tracked objects:
		On entry : 
		On exit  : 
		Unchanged: 
 Data sizes:     COMRAM   BANK0   BANK1   BANK2   BANK3   BANK4   BANK5   BANK6   BANK7   BANK8   BANK9  BANK10  BANK11  BANK12  BANK13  BANK14
      Params:         0       0       3       0       0       0       0       0       0       0       0       0       0       0       0       0
      Locals:         0       0       1       0       0       0       0       0       0       0       0       0       0       0       0       0
      Temps:          0       0       0       0       0       0       0       0       0       0       0       0       0       0       0       0
      Totals:         0       0       4       0       0       0       0       0       0       0       0       0       0       0       0       0
Total ram usage:        4 bytes
 Hardware stack levels used:    1
 Hardware stack levels required when called:   12
 This function calls:
		_send_msg
 This function is called by:
		_timer1_lthread
 This function uses a non-reentrant model


 *************** function _send_msg *****************
 Defined at:
		line 24 in file "../src/messages.c"
 Parameters:    Size  Location     Type
  qptr            2   10[BANK1 ] PTR struct __msg_queue
		 -> FromMainHigh_MQ(54), FromMainLow_MQ(54), ToMainHigh_MQ(54), ToMainLow_MQ(54), 
  length          1   12[BANK1 ] unsigned char 
  msgtype         1   13[BANK1 ] unsigned char 
  data            2   14[BANK1 ] PTR void 
		 -> main@t1thread_data(2), main@ic(28), main@uc(5), timer0_int_handler@val(2), 
		 -> NULL(0), i2c_int_handler@error_buf(3), RAM(3775), 
 Auto vars:     Size  Location     Type
  qmsg            2   20[BANK1 ] PTR struct __msg
		 -> FromMainLow_MQ.queue(52), FromMainHigh_MQ.queue(52), ToMainHigh_MQ.queue(52), ToMainLow_MQ.queue(52), 
		 -> FromMainHigh_MQ(54), FromMainLow_MQ(54), ToMainHigh_MQ(54), ToMainLow_MQ(54), 
  tlength         2   17[BANK1 ] unsigned int 
  slot            1   19[BANK1 ] unsigned char 
 Return value:  Size  Location     Type
                  1    wreg      char 
 Registers used:
		wreg, fsr1l, fsr1h, fsr2l, fsr2h, status,2, status,0, prodl, prodh, cstack
 Tracked objects:
		On entry : 
		On exit  : 
		Unchanged: 
 Data sizes:     COMRAM   BANK0   BANK1   BANK2   BANK3   BANK4   BANK5   BANK6   BANK7   BANK8   BANK9  BANK10  BANK11  BANK12  BANK13  BANK14
      Params:         0       0       6       0       0       0       0       0       0       0       0       0       0       0       0       0
      Locals:         0       0       5       0       0       0       0       0       0       0       0       0       0       0       0       0
      Temps:          0       0       1       0       0       0       0       0       0       0       0       0       0       0       0       0
      Totals:         0       0      12       0       0       0       0       0       0       0       0       0       0       0       0       0
Total ram usage:       12 bytes
 Hardware stack levels used:    1
 Hardware stack levels required when called:   11
 This function calls:
		_memcpy
 This function is called by:
		_FromMainHigh_sendmsg
		_FromMainLow_sendmsg
 This function uses a non-reentrant model


 *************** function _timer0_lthread *****************
 Defined at:
		line 9 in file "../src/timer0_thread.c"
 Parameters:    Size  Location     Type
  tptr            2    0[BANK1 ] PTR struct __timer0_thre
		 -> main@t0thread_data(2), 
  msgtype         2    2[BANK1 ] int 
  length          2    4[BANK1 ] int 
  msgbuffer       2    6[BANK1 ] PTR unsigned char 
		 -> main@msgbuffer(11), 
 Auto vars:     Size  Location     Type
  msgval          2    8[BANK1 ] PTR unsigned int 
		 -> main@msgbuffer(11), 
 Return value:  Size  Location     Type
                  2    0[BANK1 ] int 
 Registers used:
		wreg, status,2, status,0
 Tracked objects:
		On entry : 
		On exit  : 
		Unchanged: 
 Data sizes:     COMRAM   BANK0   BANK1   BANK2   BANK3   BANK4   BANK5   BANK6   BANK7   BANK8   BANK9  BANK10  BANK11  BANK12  BANK13  BANK14
      Params:         0       0       8       0       0       0       0       0       0       0       0       0       0       0       0       0
      Locals:         0       0       2       0       0       0       0       0       0       0       0       0       0       0       0       0
      Temps:          0       0       0       0       0       0       0       0       0       0       0       0       0       0       0       0
      Totals:         0       0      10       0       0       0       0       0       0       0       0       0       0       0       0       0
Total ram usage:       10 bytes
 Hardware stack levels used:    1
 Hardware stack levels required when called:   10
 This function calls:
		Nothing
 This function is called by:
		_main
 This function uses a non-reentrant model


 *************** function _start_i2c_slave_reply *****************
 Defined at:
		line 53 in file "../src/my_i2c.c"
 Parameters:    Size  Location     Type
  length          1    wreg     unsigned char 
  msg             2    0[BANK1 ] PTR unsigned char 
		 -> main@msgbuffer(11), NULL(0), 
 Auto vars:     Size  Location     Type
  length          1    4[BANK1 ] unsigned char 
 Return value:  Size  Location     Type
		None               void
 Registers used:
		wreg, fsr1l, fsr1h, fsr2l, fsr2h, status,2, status,0, prodl, prodh
 Tracked objects:
		On entry : 
		On exit  : 
		Unchanged: 
 Data sizes:     COMRAM   BANK0   BANK1   BANK2   BANK3   BANK4   BANK5   BANK6   BANK7   BANK8   BANK9  BANK10  BANK11  BANK12  BANK13  BANK14
      Params:         0       0       2       0       0       0       0       0       0       0       0       0       0       0       0       0
      Locals:         0       0       1       0       0       0       0       0       0       0       0       0       0       0       0       0
      Temps:          0       0       2       0       0       0       0       0       0       0       0       0       0       0       0       0
      Totals:         0       0       5       0       0       0       0       0       0       0       0       0       0       0       0       0
Total ram usage:        5 bytes
 Hardware stack levels used:    1
 Hardware stack levels required when called:   10
 This function calls:
		Nothing
 This function is called by:
		_main
 This function uses a non-reentrant model


 *************** function _init_uart_recv *****************
 Defined at:
		line 49 in file "../src/my_uart.c"
 Parameters:    Size  Location     Type
  uc              2    0[BANK1 ] PTR struct __uart_comm
		 -> main@uc(5), 
 Auto vars:     Size  Location     Type
		None
 Return value:  Size  Location     Type
		None               void
 Registers used:
		wreg, fsr2l, fsr2h, status,2, status,0
 Tracked objects:
		On entry : 
		On exit  : 
		Unchanged: 
 Data sizes:     COMRAM   BANK0   BANK1   BANK2   BANK3   BANK4   BANK5   BANK6   BANK7   BANK8   BANK9  BANK10  BANK11  BANK12  BANK13  BANK14
      Params:         0       0       2       0       0       0       0       0       0       0       0       0       0       0       0       0
      Locals:         0       0       0       0       0       0       0       0       0       0       0       0       0       0       0       0
      Temps:          0       0       0       0       0       0       0       0       0       0       0       0       0       0       0       0
      Totals:         0       0       2       0       0       0       0       0       0       0       0       0       0       0       0       0
Total ram usage:        2 bytes
 Hardware stack levels used:    1
 Hardware stack levels required when called:   10
 This function calls:
		Nothing
 This function is called by:
		_main
 This function uses a non-reentrant model


 *************** function _init_timer1_lthread *****************
 Defined at:
		line 6 in file "../src/timer1_thread.c"
 Parameters:    Size  Location     Type
  tptr            2    0[BANK1 ] PTR struct __timer1_thre
		 -> main@t1thread_data(2), 
 Auto vars:     Size  Location     Type
		None
 Return value:  Size  Location     Type
		None               void
 Registers used:
		wreg, fsr2l, fsr2h
 Tracked objects:
		On entry : 
		On exit  : 
		Unchanged: 
 Data sizes:     COMRAM   BANK0   BANK1   BANK2   BANK3   BANK4   BANK5   BANK6   BANK7   BANK8   BANK9  BANK10  BANK11  BANK12  BANK13  BANK14
      Params:         0       0       2       0       0       0       0       0       0       0       0       0       0       0       0       0
      Locals:         0       0       0       0       0       0       0       0       0       0       0       0       0       0       0       0
      Temps:          0       0       0       0       0       0       0       0       0       0       0       0       0       0       0       0
      Totals:         0       0       2       0       0       0       0       0       0       0       0       0       0       0       0       0
Total ram usage:        2 bytes
 Hardware stack levels used:    1
 Hardware stack levels required when called:   10
 This function calls:
		Nothing
 This function is called by:
		_main
 This function uses a non-reentrant model


 *************** function _init_queues *****************
 Defined at:
		line 194 in file "../src/messages.c"
 Parameters:    Size  Location     Type
		None
 Auto vars:     Size  Location     Type
		None
 Return value:  Size  Location     Type
		None               void
 Registers used:
		wreg, fsr2l, fsr2h, status,2, status,0, prodl, prodh, cstack
 Tracked objects:
		On entry : 
		On exit  : 
		Unchanged: 
 Data sizes:     COMRAM   BANK0   BANK1   BANK2   BANK3   BANK4   BANK5   BANK6   BANK7   BANK8   BANK9  BANK10  BANK11  BANK12  BANK13  BANK14
      Params:         0       0       0       0       0       0       0       0       0       0       0       0       0       0       0       0
      Locals:         0       0       0       0       0       0       0       0       0       0       0       0       0       0       0       0
      Temps:          0       0       0       0       0       0       0       0       0       0       0       0       0       0       0       0
      Totals:         0       0       0       0       0       0       0       0       0       0       0       0       0       0       0       0
Total ram usage:        0 bytes
 Hardware stack levels used:    1
 Hardware stack levels required when called:   11
 This function calls:
		_init_queue
 This function is called by:
		_main
 This function uses a non-reentrant model


 *************** function _init_queue *****************
 Defined at:
		line 14 in file "../src/messages.c"
 Parameters:    Size  Location     Type
  qptr            2    0[BANK1 ] PTR struct __msg_queue
		 -> FromMainHigh_MQ(54), FromMainLow_MQ(54), ToMainHigh_MQ(54), ToMainLow_MQ(54), 
 Auto vars:     Size  Location     Type
  i               1    2[BANK1 ] unsigned char 
 Return value:  Size  Location     Type
		None               void
 Registers used:
		wreg, fsr2l, fsr2h, status,2, status,0, prodl, prodh
 Tracked objects:
		On entry : 
		On exit  : 
		Unchanged: 
 Data sizes:     COMRAM   BANK0   BANK1   BANK2   BANK3   BANK4   BANK5   BANK6   BANK7   BANK8   BANK9  BANK10  BANK11  BANK12  BANK13  BANK14
      Params:         0       0       2       0       0       0       0       0       0       0       0       0       0       0       0       0
      Locals:         0       0       1       0       0       0       0       0       0       0       0       0       0       0       0       0
      Temps:          0       0       0       0       0       0       0       0       0       0       0       0       0       0       0       0
      Totals:         0       0       3       0       0       0       0       0       0       0       0       0       0       0       0       0
Total ram usage:        3 bytes
 Hardware stack levels used:    1
 Hardware stack levels required when called:   10
 This function calls:
		Nothing
 This function is called by:
		_init_queues
 This function uses a non-reentrant model


 *************** function _init_i2c *****************
 Defined at:
		line 268 in file "../src/my_i2c.c"
 Parameters:    Size  Location     Type
  ic              2    0[BANK1 ] PTR struct __i2c_comm
		 -> main@ic(28), 
 Auto vars:     Size  Location     Type
		None
 Return value:  Size  Location     Type
		None               void
 Registers used:
		wreg, fsr2l, fsr2h, status,2, status,0
 Tracked objects:
		On entry : 
		On exit  : 
		Unchanged: 
 Data sizes:     COMRAM   BANK0   BANK1   BANK2   BANK3   BANK4   BANK5   BANK6   BANK7   BANK8   BANK9  BANK10  BANK11  BANK12  BANK13  BANK14
      Params:         0       0       2       0       0       0       0       0       0       0       0       0       0       0       0       0
      Locals:         0       0       0       0       0       0       0       0       0       0       0       0       0       0       0       0
      Temps:          0       0       0       0       0       0       0       0       0       0       0       0       0       0       0       0
      Totals:         0       0       2       0       0       0       0       0       0       0       0       0       0       0       0       0
Total ram usage:        2 bytes
 Hardware stack levels used:    1
 Hardware stack levels required when called:   10
 This function calls:
		Nothing
 This function is called by:
		_main
 This function uses a non-reentrant model


 *************** function _init_debug *****************
 Defined at:
		line 19 in file "../src/init_debug.c"
[...]
      Locals:         0       6       0       0       0       0       0       0       0       0       0       0       0       0       0       0
      Temps:          0       5       0       0       0       0       0       0       0       0       0       0       0       0       0       0
      Totals:         0      15       0       0       0       0       0       0       0       0       0       0       0       0       0       0
Total ram usage:       15 bytes
 Hardware stack levels used:    1
 This function calls:
		Nothing
 This function is called by:
		_InterruptHandlerHigh
 This function uses a non-reentrant model


 *************** function ___ftmul *****************
 Defined at:
		line 62 in file "C:\Program Files\Microchip\xc8\v1.32\sources\common\ftmul.c"
 Parameters:    Size  Location     Type
  f1              3   38[BANK0 ] float 
  f2              3   41[BANK0 ] float 
 Auto vars:     Size  Location     Type
  f3_as_produc    3   48[BANK0 ] unsigned um
  sign            1   52[BANK0 ] unsigned char 
  cntr            1   51[BANK0 ] unsigned char 
  exp             1   47[BANK0 ] unsigned char 
 Return value:  Size  Location     Type
                  3   38[BANK0 ] float 
 Registers used:
		wreg, status,2, status,0, cstack
 Tracked objects:
		On entry : 
		On exit  : 
		Unchanged: 
 Data sizes:     COMRAM   BANK0   BANK1   BANK2   BANK3   BANK4   BANK5   BANK6   BANK7   BANK8   BANK9  BANK10  BANK11  BANK12  BANK13  BANK14
      Params:         0       6       0       0       0       0       0       0       0       0       0       0       0       0       0       0
      Locals:         0       6       0       0       0       0       0       0       0       0       0       0       0       0       0       0
      Temps:          0       3       0       0       0       0       0       0       0       0       0       0       0       0       0       0
      Totals:         0      15       0       0       0       0       0       0       0       0       0       0       0       0       0       0
Total ram usage:       15 bytes
 Hardware stack levels used:    1
 Hardware stack levels required when called:    1
 This function calls:
		___ftpack
 This function is called by:
		_InterruptHandlerHigh
 This function uses a non-reentrant model


 *************** function ___ftdiv *****************
 Defined at:
		line 49 in file "C:\Program Files\Microchip\xc8\v1.32\sources\common\ftdiv.c"
 Parameters:    Size  Location     Type
  f1              3   23[BANK0 ] float 
  f2              3   26[BANK0 ] float 
 Auto vars:     Size  Location     Type
  f3              3   33[BANK0 ] float 
  sign            1   37[BANK0 ] unsigned char 
  exp             1   36[BANK0 ] unsigned char 
  cntr            1   32[BANK0 ] unsigned char 
 Return value:  Size  Location     Type
                  3   23[BANK0 ] float 
 Registers used:
		wreg, status,2, status,0, cstack
 Tracked objects:
		On entry : 
		On exit  : 
		Unchanged: 
 Data sizes:     COMRAM   BANK0   BANK1   BANK2   BANK3   BANK4   BANK5   BANK6   BANK7   BANK8   BANK9  BANK10  BANK11  BANK12  BANK13  BANK14
      Params:         0       6       0       0       0       0       0       0       0       0       0       0       0       0       0       0
      Locals:         0       6       0       0       0       0       0       0       0       0       0       0       0       0       0       0
      Temps:          0       3       0       0       0       0       0       0       0       0       0       0       0       0       0       0
      Totals:         0      15       0       0       0       0       0       0       0       0       0       0       0       0       0       0
Total ram usage:       15 bytes
 Hardware stack levels used:    1
 Hardware stack levels required when called:    1
 This function calls:
		___ftpack
 This function is called by:
		_InterruptHandlerHigh
 This function uses a non-reentrant model


 *************** function ___ftadd *****************
 Defined at:
		line 86 in file "C:\Program Files\Microchip\xc8\v1.32\sources\common\ftadd.c"
 Parameters:    Size  Location     Type
  f1              3   11[BANK0 ] float 
  f2              3   14[BANK0 ] float 
 Auto vars:     Size  Location     Type
  exp1            1   22[BANK0 ] unsigned char 
  exp2            1   21[BANK0 ] unsigned char 
  sign            1   20[BANK0 ] unsigned char 
 Return value:  Size  Location     Type
                  3   11[BANK0 ] float 
 Registers used:
		wreg, status,2, status,0, cstack
 Tracked objects:
		On entry : 
		On exit  : 
		Unchanged: 
 Data sizes:     COMRAM   BANK0   BANK1   BANK2   BANK3   BANK4   BANK5   BANK6   BANK7   BANK8   BANK9  BANK10  BANK11  BANK12  BANK13  BANK14
      Params:         0       6       0       0       0       0       0       0       0       0       0       0       0       0       0       0
      Locals:         0       3       0       0       0       0       0       0       0       0       0       0       0       0       0       0
      Temps:          0       3       0       0       0       0       0       0       0       0       0       0       0       0       0       0
      Totals:         0      12       0       0       0       0       0       0       0       0       0       0       0       0       0       0
Total ram usage:       12 bytes
 Hardware stack levels used:    1
 Hardware stack levels required when called:    1
 This function calls:
		___ftpack
 This function is called by:
		_InterruptHandlerHigh
 This function uses a non-reentrant model


 *************** function ___ftpack *****************
 Defined at:
		line 62 in file "C:\Program Files\Microchip\xc8\v1.32\sources\common\float.c"
 Parameters:    Size  Location     Type
  arg             3    0[BANK0 ] unsigned um
  exp             1    3[BANK0 ] unsigned char 
  sign            1    4[BANK0 ] unsigned char 
 Auto vars:     Size  Location     Type
		None
 Return value:  Size  Location     Type
                  3    0[BANK0 ] float 
 Registers used:
		wreg, status,2, status,0
 Tracked objects:
		On entry : 
		On exit  : 
		Unchanged: 
 Data sizes:     COMRAM   BANK0   BANK1   BANK2   BANK3   BANK4   BANK5   BANK6   BANK7   BANK8   BANK9  BANK10  BANK11  BANK12  BANK13  BANK14
      Params:         0       5       0       0       0       0       0       0       0       0       0       0       0       0       0       0
      Locals:         0       0       0       0       0       0       0       0       0       0       0       0       0       0       0       0
      Temps:          0       3       0       0       0       0       0       0       0       0       0       0       0       0       0       0
      Totals:         0       8       0       0       0       0       0       0       0       0       0       0       0       0       0       0
Total ram usage:        8 bytes
 Hardware stack levels used:    1
 This function calls:
		Nothing
 This function is called by:
		___ftadd
		___ftdiv
		___ftmul
		___lwtoft
 This function uses a non-reentrant model


 *************** function _SleepIfOkay *****************
 Defined at:
		line 226 in file "../src/messages.c"
 Parameters:    Size  Location     Type
		None
 Auto vars:     Size  Location     Type
		None
 Return value:  Size  Location     Type
		None               void
 Registers used:
		wreg, fsr2l, fsr2h, status,2, status,0, prodl, prodh, cstack
 Tracked objects:
		On entry : 
		On exit  : 
		Unchanged: 
 Data sizes:     COMRAM   BANK0   BANK1   BANK2   BANK3   BANK4   BANK5   BANK6   BANK7   BANK8   BANK9  BANK10  BANK11  BANK12  BANK13  BANK14
      Params:         0       0       0       0       0       0       0       0       0       0       0       0       0       0       0       0
      Locals:         0       0       0       0       0       0       0       0       0       0       0       0       0       0       0       0
      Temps:          0       0       0       0       0       0       0       0       0       0       0       0       0       0       0       0
      Totals:         0       0       0       0       0       0       0       0       0       0       0       0       0       0       0       0
Total ram usage:        0 bytes
 Hardware stack levels used:    1
 Hardware stack levels required when called:    2
 This function calls:
		_enter_sleep_mode
		i2_check_msg
		i2_in_high_int
		i2_in_low_int
 This function is called by:
		_InterruptHandlerHigh
 This function uses a non-reentrant model


 *************** function i2_in_low_int *****************
 Defined at:
		line 32 in file "../src/interrupts.c"
 Parameters:    Size  Location     Type
		None
 Auto vars:     Size  Location     Type
		None
 Return value:  Size  Location     Type
                  2    2[BANK0 ] int 
 Registers used:
		wreg, status,2, status,0, cstack
 Tracked objects:
		On entry : 
		On exit  : 
		Unchanged: 
 Data sizes:     COMRAM   BANK0   BANK1   BANK2   BANK3   BANK4   BANK5   BANK6   BANK7   BANK8   BANK9  BANK10  BANK11  BANK12  BANK13  BANK14
      Params:         0       2       0       0       0       0       0       0       0       0       0       0       0       0       0       0
      Locals:         0       0       0       0       0       0       0       0       0       0       0       0       0       0       0       0
      Temps:          0       0       0       0       0       0       0       0       0       0       0       0       0       0       0       0
      Totals:         0       2       0       0       0       0       0       0       0       0       0       0       0       0       0       0
Total ram usage:        2 bytes
 Hardware stack levels used:    1
 Hardware stack levels required when called:    1
 This function calls:
		i2_in_high_int
 This function is called by:
		_SleepIfOkay
 This function uses a non-reentrant model


 *************** function i2_in_high_int *****************
 Defined at:
		line 24 in file "../src/interrupts.c"
 Parameters:    Size  Location     Type
		None
 Auto vars:     Size  Location     Type
		None
 Return value:  Size  Location     Type
                  2    0[BANK0 ] int 
 Registers used:
		wreg, status,2
 Tracked objects:
		On entry : 
		On exit  : 
		Unchanged: 
 Data sizes:     COMRAM   BANK0   BANK1   BANK2   BANK3   BANK4   BANK5   BANK6   BANK7   BANK8   BANK9  BANK10  BANK11  BANK12  BANK13  BANK14
      Params:         0       2       0       0       0       0       0       0       0       0       0       0       0       0       0       0
      Locals:         0       0       0       0       0       0       0       0       0       0       0       0       0       0       0       0
      Temps:          0       0       0       0       0       0       0       0       0       0       0       0       0       0       0       0
      Totals:         0       2       0       0       0       0       0       0       0       0       0       0       0       0       0       0
Total ram usage:        2 bytes
 Hardware stack levels used:    1
 This function calls:
		Nothing
 This function is called by:
		_SleepIfOkay
		i2_in_low_int
 This function uses a non-reentrant model


 *************** function i2_check_msg *****************
 Defined at:
		line 220 in file "../src/messages.c"
 Parameters:    Size  Location     Type
  qptr            2    0[BANK0 ] PTR struct __msg_queue
		 -> ToMainHigh_MQ(54), ToMainLow_MQ(54), 
 Auto vars:     Size  Location     Type
		None
 Return value:  Size  Location     Type
                  1    wreg      unsigned char 
 Registers used:
		wreg, fsr2l, fsr2h, status,2, status,0, prodl, prodh
 Tracked objects:
		On entry : 
		On exit  : 
		Unchanged: 
 Data sizes:     COMRAM   BANK0   BANK1   BANK2   BANK3   BANK4   BANK5   BANK6   BANK7   BANK8   BANK9  BANK10  BANK11  BANK12  BANK13  BANK14
      Params:         0       2       0       0       0       0       0       0       0       0       0       0       0       0       0       0
      Locals:         0       0       0       0       0       0       0       0       0       0       0       0       0       0       0       0
      Temps:          1       0       0       0       0       0       0       0       0       0       0       0       0       0       0       0
      Totals:         1       2       0       0       0       0       0       0       0       0       0       0       0       0       0       0
Total ram usage:        3 bytes
 Hardware stack levels used:    1
 This function calls:
		Nothing
 This function is called by:
		_SleepIfOkay
 This function uses a non-reentrant model


 *************** function _enter_sleep_mode *****************
 Defined at:
		line 202 in file "../src/messages.c"
 Parameters:    Size  Location     Type
		None
 Auto vars:     Size  Location     Type
		None
 Return value:  Size  Location     Type
		None               void
 Registers used:
		None
 Tracked objects:
		On entry : 
		On exit  : 
		Unchanged: 
 Data sizes:     COMRAM   BANK0   BANK1   BANK2   BANK3   BANK4   BANK5   BANK6   BANK7   BANK8   BANK9  BANK10  BANK11  BANK12  BANK13  BANK14
      Params:         0       0       0       0       0       0       0       0       0       0       0       0       0       0       0       0
      Locals:         0       0       0       0       0       0       0       0       0       0       0       0       0       0       0       0
      Temps:          0       0       0       0       0       0       0       0       0       0       0       0       0       0       0       0
      Totals:         0       0       0       0       0       0       0       0       0       0       0       0       0       0       0       0
Total ram usage:        0 bytes
 Hardware stack levels used:    1
 This function calls:
		Nothing
 This function is called by:
		_SleepIfOkay
 This function uses a non-reentrant model



MODULE INFORMATION

Module		Function		Class		Link	Load	Size
C:\Program Files\Microchip\xc8\v1.32\sources\common\memcpy.c
		_memcpy        		CODE           	1CE6	0000	80

C:\Program Files\Microchip\xc8\v1.32\sources\common\memcpy.c estimated size: 80

C:\Program Files\Microchip\xc8\v1.32\sources\pic18\plib\Timers\t0open.c
		_OpenTimer0    		CODE           	20CC	0000	38

C:\Program Files\Microchip\xc8\v1.32\sources\pic18\plib\Timers\t0open.c estimated size: 38

C:\Program Files\Microchip\xc8\v1.32\sources\common\fttol.c
		___fttol       		CODE           	0B26	0000	380

C:\Program Files\Microchip\xc8\v1.32\sources\common\fttol.c estimated size: 380

../src/timer0_thread.c
		_timer0_lthread		CODE           	21E0	0000	14

../src/timer0_thread.c estimated size: 14

C:\Program Files\Microchip\xc8\v1.32\sources\pic18\plib\Timers\t1read.c
		_ReadTimer1    		CODE           	219C	0000	18

C:\Program Files\Microchip\xc8\v1.32\sources\pic18\plib\Timers\t1read.c estimated size: 18

C:\Program Files\Microchip\xc8\v1.32\sources\common\ftadd.c
		___ftadd       		CODE           	062E	0000	640

C:\Program Files\Microchip\xc8\v1.32\sources\common\ftadd.c estimated size: 640

../src/user_interrupts.c
		_timer0_int_han		CODE           	19E0	0000	110
		_timer1_int_han		CODE           	1FEC	0000	46

../src/user_interrupts.c estimated size: 156

C:\Program Files\Microchip\xc8\v1.32\sources\pic18\d1ktcyx.c
		_Delay1KTCYx   		CODE           	2152	0000	20

C:\Program Files\Microchip\xc8\v1.32\sources\pic18\d1ktcyx.c estimated size: 20

../src/my_i2c.c
		_start_i2c_slav		CODE           	141A	0000	260
		_handle_start  		CODE           	16F2	0000	198
		_i2c_configure_		CODE           	20A4	0000	40
		_init_i2c      		CODE           	1A4E	0000	102
		_i2c_int_handle		CODE           	00BA	0000	1396

../src/my_i2c.c estimated size: 1996

C:\Program Files\Microchip\xc8\v1.32\sources\pic18\plib\USART\u1open.c
		_Open1USART    		CODE           	1970	0000	112

C:\Program Files\Microchip\xc8\v1.32\sources\pic18\plib\USART\u1open.c estimated size: 112

C:\Program Files\Microchip\xc8\v1.32\sources\common\float.c
		___ftpack      		CODE           	1310	0000	266

C:\Program Files\Microchip\xc8\v1.32\sources\common\float.c estimated size: 266

C:\Program Files\Microchip\xc8\v1.32\sources\pic18\plib\Timers\t1write.c
		_WriteTimer1   		CODE           	218A	0000	18

C:\Program Files\Microchip\xc8\v1.32\sources\pic18\plib\Timers\t1write.c estimated size: 18

../src/timer1_thread.c
		_timer1_lthread		CODE           	1B78	0000	94
		_init_timer1_lt		CODE           	2166	0000	18

../src/timer1_thread.c estimated size: 112

../src/interrupts.c
		_enable_interru		CODE           	21EE	0000	8
		_in_low_int    		CODE           	1DC6	0000	62
		_in_main       		CODE           	1E42	0000	60
		_in_high_int   		CODE           	21C0	0000	16
		_InterruptHandl		CODE           	0018	0000	158
		_InterruptHandl		CODE           	0008	0000	3956

../src/interrupts.c estimated size: 4260

shared
		i1_send_msg    		CODE           	17B8	0000	170
		i2_send_msg    		CODE           	160A	0000	232
		i2_in_high_int 		CODE           	21D0	0000	16
		i2_recv_msg    		CODE           	11F2	0000	286
		__initializatio		CODE           	1F5A	0000	40
		i2_in_low_int  		CODE           	1E04	0000	62
		i1_memcpy      		CODE           	1D86	0000	64
		i2_memcpy      		CODE           	1D36	0000	80
		i2_check_msg   		CODE           	2076	0000	46

shared estimated size: 996

../src/messages.c
		_ToMainHigh_sen		CODE           	201A	0000	46
		_ToMainHigh_rec		CODE           	1EF0	0000	54
		_block_on_To_ms		CODE           	1C34	0000	92
		_check_msg     		CODE           	1F8C	0000	50
		_ToMainLow_send		CODE           	20F2	0000	36
		_ToMainLow_recv		CODE           	1EBA	0000	54
		_FromMainHigh_s		CODE           	1FBE	0000	46
		_enter_sleep_mo		CODE           	21F6	0000	6
		_send_msg      		CODE           	151E	0000	236
		_FromMainHigh_r		CODE           	1F26	0000	52
		_init_queue    		CODE           	1AB4	0000	100
		_init_queues   		CODE           	1C90	0000	86
		_recv_msg      		CODE           	10D4	0000	286
		_SleepIfOkay   		CODE           	1BD6	0000	94

../src/messages.c estimated size: 1238

../src/my_uart.c
		_init_uart_recv		CODE           	2116	0000	30
		_uart_recv_int_		CODE           	1862	0000	148

../src/my_uart.c estimated size: 178

C:\Program Files\Microchip\xc8\v1.32\sources\common\lwtoft.c
		___lwtoft      		CODE           	2048	0000	46

C:\Program Files\Microchip\xc8\v1.32\sources\common\lwtoft.c estimated size: 46

C:\Program Files\Microchip\xc8\v1.32\sources\pic18\plib\USART\u1read.c
		_Read1USART    		CODE           	2134	0000	30

C:\Program Files\Microchip\xc8\v1.32\sources\pic18\plib\USART\u1read.c estimated size: 30

C:\Program Files\Microchip\xc8\v1.32\sources\pic18\plib\Timers\t0write.c
		_WriteTimer0   		CODE           	21AE	0000	18

C:\Program Files\Microchip\xc8\v1.32\sources\pic18\plib\Timers\t0write.c estimated size: 18

C:\Program Files\Microchip\xc8\v1.32\sources\common\lwmod.c
		___lwmod       		CODE           	1B18	0000	96

C:\Program Files\Microchip\xc8\v1.32\sources\common\lwmod.c estimated size: 96

C:\Program Files\Microchip\xc8\v1.32\sources\common\ftmul.c
		___ftmul       		CODE           	0CA2	0000	374

C:\Program Files\Microchip\xc8\v1.32\sources\common\ftmul.c estimated size: 374

../src/main.c
		_main          		CODE           	08AE	0000	632

../src/main.c estimated size: 632

C:\Program Files\Microchip\xc8\v1.32\sources\common\ftdiv.c
		___ftdiv       		CODE           	0F7C	0000	344

C:\Program Files\Microchip\xc8\v1.32\sources\common\ftdiv.c estimated size: 344

C:\Program Files\Microchip\xc8\v1.32\sources\pic18\plib\Timers\t1open.c
		_OpenTimer1    		CODE           	1E7E	0000	60

C:\Program Files\Microchip\xc8\v1.32\sources\pic18\plib\Timers\t1open.c estimated size: 60

../src/uart_thread.c
		_uart_lthread  		CODE           	18F6	0000	122

../src/uart_thread.c estimated size: 122

../src/init_debug.c
		_init_debug    		CODE           	2178	0000	18

../src/init_debug.c estimated size: 18

